


ARM Macro Assembler    Page 1 


    1 00000000                 AREA             |.text|, CODE, READONLY, ALIGN=
2
    2 00000000                 THUMB
    3 00000000                 REQUIRE8
    4 00000000                 PRESERVE8
    5 00000000         
    6 00000000         store_PRIMASK
                               PROC
    7 00000000                 EXPORT           store_PRIMASK
    8 00000000         
    9 00000000 F3EF 8010       MRS              R0, PRIMASK
   10 00000004 B672            CPSID            I
   11 00000006         
   12 00000006         ; return
   13 00000006 4770            BX               LR
   14 00000008         
   15 00000008                 ENDP
   16 00000008         
   17 00000008         restore_PRIMASK
                               PROC
   18 00000008                 EXPORT           restore_PRIMASK
   19 00000008         
   20 00000008 F380 8810       MSR              PRIMASK, R0
   21 0000000C         
   22 0000000C         ; return
   23 0000000C 4770            BX               LR
   24 0000000E         
   25 0000000E                 ENDP
   26 0000000E         
   27 0000000E                 END
Command Line: --debug --xref --diag_suppress=9931 --cpu=Cortex-M3 --apcs=interw
ork --depend=ez-rtos-rewrite\critical_section_1.d -oez-rtos-rewrite\critical_se
ction_1.o -I.\RTE\_ez-rtos-rewrite -ID:\Software\KEIL\ARM\CMSIS\5.5.1\CMSIS\Cor
e\Include -ID:\Software\KEIL\Keil\STM32F1xx_DFP\1.0.5\Device\Include --predefin
e="__MICROLIB SETA 1" --predefine="__UVISION_VERSION SETA 528" --predefine="_RT
E_ SETA 1" --predefine="STM32F10X_HD SETA 1" --list=critical_section.lst ..\OS\
critical_section.s



ARM Macro Assembler    Page 1 Alphabetic symbol ordering
Relocatable symbols

.text 00000000

Symbol: .text
   Definitions
      At line 1 in file ..\OS\critical_section.s
   Uses
      None
Comment: .text unused
restore_PRIMASK 00000008

Symbol: restore_PRIMASK
   Definitions
      At line 17 in file ..\OS\critical_section.s
   Uses
      At line 18 in file ..\OS\critical_section.s
Comment: restore_PRIMASK used once
store_PRIMASK 00000000

Symbol: store_PRIMASK
   Definitions
      At line 6 in file ..\OS\critical_section.s
   Uses
      At line 7 in file ..\OS\critical_section.s
Comment: store_PRIMASK used once
3 symbols
337 symbols in table
