<html>
<body>
<pre>
<h1>礦ision Build Log</h1>
<h2>Tool Versions:</h2>
IDE-Version: μVision V5.27.1.0
Copyright (C) 2019 ARM Ltd and ARM Germany GmbH. All rights reserved.
License Information: wei dongshan, 100ask, LIC=585FJ-U3R9F-X76RZ-JM6H6-H9EM6-QYGQW
 
Tool Versions:
Toolchain:       MDK-ARM Plus  Version: 5.27.1.0
Toolchain Path:  C:\Keil_v5\ARM\ARMCC\Bin
C Compiler:      Armcc.exe V5.06 update 6 (build 750)
Assembler:       Armasm.exe V5.06 update 6 (build 750)
Linker/Locator:  ArmLink.exe V5.06 update 6 (build 750)
Library Manager: ArmAr.exe V5.06 update 6 (build 750)
Hex Converter:   FromElf.exe V5.06 update 6 (build 750)
CPU DLL:         SARMCM3.DLL V5.27.1.0
Dialog DLL:      DRAMSTM.DLL
Target DLL:      UL2CM3.DLL V1.162.15.0
Dialog DLL:      TCM.DLL V1.36.1.0
 
<h2>Project:</h2>
S:\01_视频教程\RTOS培训资料\02_项目2_基于FreeRTOS实现智能家居\1_项目源码\01_FreeRTOS快速入门\02_视频配套的源码\01_Heap_Stack\Project\lesson.uvprojx
Project File Date:  08/20/2021

<h2>Output:</h2>
*** Using Compiler 'V5.06 update 6 (build 750)', folder: 'C:\Keil_v5\ARM\ARMCC\Bin'
Rebuild target 'lesson'
assembling startup_stm32f10x_hd.s...
compiling main.c...
..\Main\main.c(40): warning:  #177-D: variable "ch"  was declared but never referenced
  	char ch = 65; // char ch = 'A';
..\Main\main.c(44): warning:  #177-D: variable "uch"  was declared but never referenced
  	unsigned char uch = 200;
..\Main\main.c: 2 warnings, 0 errors
linking...
Program Size: Code=396 RO-data=40 RW-data=4 ZI-data=1120  
FromELF: creating hex file...
".\Objects\lesson1.axf" - 0 Error(s), 2 Warning(s).

<h2>Software Packages used:</h2>

Package Vendor: Keil
                http://www.keil.com/pack/Keil.STM32F1xx_DFP.2.3.0.pack
                Keil.STM32F1xx_DFP.2.3.0
                STMicroelectronics STM32F1 Series Device Support, Drivers and Examples

<h2>Collection of Component include folders:</h2>
  .\RTE\_lesson
  C:\Users\weidongshan\AppData\Local\Arm\Packs\Keil\STM32F1xx_DFP\2.3.0\Device\Include

<h2>Collection of Component Files used:</h2>
Build Time Elapsed:  00:00:01
</pre>
</body>
</html>
