Component: ARM Compiler 5.06 update 6 (build 750) Tool: armlink [4d35ed]

==============================================================================

Section Cross References

    startup_stm32f103xe.o(RESET) refers to startup_stm32f103xe.o(STACK) for __initial_sp
    startup_stm32f103xe.o(RESET) refers to startup_stm32f103xe.o(.text) for Reset_Handler
    startup_stm32f103xe.o(RESET) refers to stm32f1xx_it.o(i.NMI_Handler) for NMI_Handler
    startup_stm32f103xe.o(RESET) refers to stm32f1xx_it.o(i.HardFault_Handler) for HardFault_Handler
    startup_stm32f103xe.o(RESET) refers to stm32f1xx_it.o(i.MemManage_Handler) for MemManage_Handler
    startup_stm32f103xe.o(RESET) refers to stm32f1xx_it.o(i.BusFault_Handler) for BusFault_Handler
    startup_stm32f103xe.o(RESET) refers to stm32f1xx_it.o(i.UsageFault_Handler) for UsageFault_Handler
    startup_stm32f103xe.o(RESET) refers to irq_cm3.o(.text) for SVC_Handler
    startup_stm32f103xe.o(RESET) refers to stm32f1xx_it.o(i.DebugMon_Handler) for DebugMon_Handler
    startup_stm32f103xe.o(RESET) refers to stm32f1xx_it.o(i.TIM8_UP_IRQHandler) for TIM8_UP_IRQHandler
    startup_stm32f103xe.o(.text) refers to system_stm32f1xx.o(i.SystemInit) for SystemInit
    startup_stm32f103xe.o(.text) refers to entry.o(.ARM.Collect$$$$00000000) for __main
    main.o(i.HAL_TIM_PeriodElapsedCallback) refers to stm32f1xx_hal.o(i.HAL_IncTick) for HAL_IncTick
    main.o(i.SystemClock_Config) refers to memseta.o(.text) for __aeabi_memclr4
    main.o(i.SystemClock_Config) refers to stm32f1xx_hal_rcc.o(i.HAL_RCC_OscConfig) for HAL_RCC_OscConfig
    main.o(i.SystemClock_Config) refers to stm32f1xx_hal_rcc.o(i.HAL_RCC_ClockConfig) for HAL_RCC_ClockConfig
    main.o(i.main) refers to stm32f1xx_hal.o(i.HAL_Init) for HAL_Init
    main.o(i.main) refers to main.o(i.SystemClock_Config) for SystemClock_Config
    main.o(i.main) refers to led.o(i.LED_Init) for LED_Init
    main.o(i.main) refers to rtx_kernel.o(i.osKernelInitialize) for osKernelInitialize
    main.o(i.main) refers to task.o(i.Thread_Init) for Thread_Init
    main.o(i.main) refers to rtx_kernel.o(i.osKernelStart) for osKernelStart
    stm32f1xx_it.o(i.TIM8_UP_IRQHandler) refers to stm32f1xx_hal_tim.o(i.HAL_TIM_IRQHandler) for HAL_TIM_IRQHandler
    stm32f1xx_it.o(i.TIM8_UP_IRQHandler) refers to stm32f1xx_hal_timebase_tim.o(.bss) for htim8
    stm32f1xx_hal_timebase_tim.o(i.HAL_InitTick) refers to stm32f1xx_hal_cortex.o(i.HAL_NVIC_SetPriority) for HAL_NVIC_SetPriority
    stm32f1xx_hal_timebase_tim.o(i.HAL_InitTick) refers to stm32f1xx_hal_cortex.o(i.HAL_NVIC_EnableIRQ) for HAL_NVIC_EnableIRQ
    stm32f1xx_hal_timebase_tim.o(i.HAL_InitTick) refers to stm32f1xx_hal_rcc.o(i.HAL_RCC_GetClockConfig) for HAL_RCC_GetClockConfig
    stm32f1xx_hal_timebase_tim.o(i.HAL_InitTick) refers to stm32f1xx_hal_rcc.o(i.HAL_RCC_GetPCLK2Freq) for HAL_RCC_GetPCLK2Freq
    stm32f1xx_hal_timebase_tim.o(i.HAL_InitTick) refers to stm32f1xx_hal_tim.o(i.HAL_TIM_Base_Init) for HAL_TIM_Base_Init
    stm32f1xx_hal_timebase_tim.o(i.HAL_InitTick) refers to stm32f1xx_hal_tim.o(i.HAL_TIM_Base_Start_IT) for HAL_TIM_Base_Start_IT
    stm32f1xx_hal_timebase_tim.o(i.HAL_InitTick) refers to stm32f1xx_hal_timebase_tim.o(.bss) for .bss
    stm32f1xx_hal_timebase_tim.o(i.HAL_ResumeTick) refers to stm32f1xx_hal_timebase_tim.o(.bss) for .bss
    stm32f1xx_hal_timebase_tim.o(i.HAL_SuspendTick) refers to stm32f1xx_hal_timebase_tim.o(.bss) for .bss
    stm32f1xx_hal_tim.o(i.HAL_TIM_Base_DeInit) refers to stm32f1xx_hal_tim.o(i.HAL_TIM_Base_MspDeInit) for HAL_TIM_Base_MspDeInit
    stm32f1xx_hal_tim.o(i.HAL_TIM_Base_Init) refers to stm32f1xx_hal_tim.o(i.HAL_TIM_Base_MspInit) for HAL_TIM_Base_MspInit
    stm32f1xx_hal_tim.o(i.HAL_TIM_Base_Init) refers to stm32f1xx_hal_tim.o(i.TIM_Base_SetConfig) for TIM_Base_SetConfig
    stm32f1xx_hal_tim.o(i.HAL_TIM_Base_Start_DMA) refers to stm32f1xx_hal_dma.o(i.HAL_DMA_Start_IT) for HAL_DMA_Start_IT
    stm32f1xx_hal_tim.o(i.HAL_TIM_Base_Start_DMA) refers to stm32f1xx_hal_tim.o(i.TIM_DMAPeriodElapsedCplt) for TIM_DMAPeriodElapsedCplt
    stm32f1xx_hal_tim.o(i.HAL_TIM_Base_Start_DMA) refers to stm32f1xx_hal_tim.o(i.TIM_DMAPeriodElapsedHalfCplt) for TIM_DMAPeriodElapsedHalfCplt
    stm32f1xx_hal_tim.o(i.HAL_TIM_Base_Start_DMA) refers to stm32f1xx_hal_tim.o(i.TIM_DMAError) for TIM_DMAError
    stm32f1xx_hal_tim.o(i.HAL_TIM_Base_Stop_DMA) refers to stm32f1xx_hal_dma.o(i.HAL_DMA_Abort_IT) for HAL_DMA_Abort_IT
    stm32f1xx_hal_tim.o(i.HAL_TIM_ConfigClockSource) refers to stm32f1xx_hal_tim.o(i.TIM_ETR_SetConfig) for TIM_ETR_SetConfig
    stm32f1xx_hal_tim.o(i.HAL_TIM_ConfigClockSource) refers to stm32f1xx_hal_tim.o(i.TIM_TI1_ConfigInputStage) for TIM_TI1_ConfigInputStage
    stm32f1xx_hal_tim.o(i.HAL_TIM_ConfigClockSource) refers to stm32f1xx_hal_tim.o(i.TIM_TI2_ConfigInputStage) for TIM_TI2_ConfigInputStage
    stm32f1xx_hal_tim.o(i.HAL_TIM_ConfigClockSource) refers to stm32f1xx_hal_tim.o(i.TIM_ITRx_SetConfig) for TIM_ITRx_SetConfig
[...]
    ..\Drivers\STM32F1xx_HAL_Driver\Src\stm32f1xx_hal_flash.c 0x00000000   Number         0  stm32f1xx_hal_flash.o ABSOLUTE
    ..\Drivers\STM32F1xx_HAL_Driver\Src\stm32f1xx_hal_flash_ex.c 0x00000000   Number         0  stm32f1xx_hal_flash_ex.o ABSOLUTE
    ..\Drivers\STM32F1xx_HAL_Driver\Src\stm32f1xx_hal_gpio.c 0x00000000   Number         0  stm32f1xx_hal_gpio.o ABSOLUTE
    ..\Drivers\STM32F1xx_HAL_Driver\Src\stm32f1xx_hal_gpio_ex.c 0x00000000   Number         0  stm32f1xx_hal_gpio_ex.o ABSOLUTE
    ..\Drivers\STM32F1xx_HAL_Driver\Src\stm32f1xx_hal_pwr.c 0x00000000   Number         0  stm32f1xx_hal_pwr.o ABSOLUTE
    ..\Drivers\STM32F1xx_HAL_Driver\Src\stm32f1xx_hal_rcc.c 0x00000000   Number         0  stm32f1xx_hal_rcc.o ABSOLUTE
    ..\Drivers\STM32F1xx_HAL_Driver\Src\stm32f1xx_hal_rcc_ex.c 0x00000000   Number         0  stm32f1xx_hal_rcc_ex.o ABSOLUTE
    ..\Drivers\STM32F1xx_HAL_Driver\Src\stm32f1xx_hal_tim.c 0x00000000   Number         0  stm32f1xx_hal_tim.o ABSOLUTE
    ..\Drivers\STM32F1xx_HAL_Driver\Src\stm32f1xx_hal_tim_ex.c 0x00000000   Number         0  stm32f1xx_hal_tim_ex.o ABSOLUTE
    ..\HARDWARE\LED\led.c                    0x00000000   Number         0  led.o ABSOLUTE
    ..\HARDWARE\TASK\task.c                  0x00000000   Number         0  task.o ABSOLUTE
    ..\\HARDWARE\\LED\\led.c                 0x00000000   Number         0  led.o ABSOLUTE
    ..\\HARDWARE\\TASK\\task.c               0x00000000   Number         0  task.o ABSOLUTE
    D:\Software\Keil\ARM\CMSIS\5.5.1\CMSIS\RTOS2\RTX\Source\ARM\irq_cm3.s 0x00000000   Number         0  irq_cm3.o ABSOLUTE
    D:\Software\Keil\ARM\CMSIS\5.5.1\CMSIS\RTOS2\RTX\Source\rtx_delay.c 0x00000000   Number         0  rtx_delay.o ABSOLUTE
    D:\Software\Keil\ARM\CMSIS\5.5.1\CMSIS\RTOS2\RTX\Source\rtx_evflags.c 0x00000000   Number         0  rtx_evflags.o ABSOLUTE
    D:\Software\Keil\ARM\CMSIS\5.5.1\CMSIS\RTOS2\RTX\Source\rtx_evr.c 0x00000000   Number         0  rtx_evr.o ABSOLUTE
    D:\Software\Keil\ARM\CMSIS\5.5.1\CMSIS\RTOS2\RTX\Source\rtx_kernel.c 0x00000000   Number         0  rtx_kernel.o ABSOLUTE
    D:\Software\Keil\ARM\CMSIS\5.5.1\CMSIS\RTOS2\RTX\Source\rtx_lib.c 0x00000000   Number         0  rtx_lib.o ABSOLUTE
    D:\Software\Keil\ARM\CMSIS\5.5.1\CMSIS\RTOS2\RTX\Source\rtx_memory.c 0x00000000   Number         0  rtx_memory.o ABSOLUTE
    D:\Software\Keil\ARM\CMSIS\5.5.1\CMSIS\RTOS2\RTX\Source\rtx_mempool.c 0x00000000   Number         0  rtx_mempool.o ABSOLUTE
    D:\Software\Keil\ARM\CMSIS\5.5.1\CMSIS\RTOS2\RTX\Source\rtx_msgqueue.c 0x00000000   Number         0  rtx_msgqueue.o ABSOLUTE
    D:\Software\Keil\ARM\CMSIS\5.5.1\CMSIS\RTOS2\RTX\Source\rtx_mutex.c 0x00000000   Number         0  rtx_mutex.o ABSOLUTE
    D:\Software\Keil\ARM\CMSIS\5.5.1\CMSIS\RTOS2\RTX\Source\rtx_semaphore.c 0x00000000   Number         0  rtx_semaphore.o ABSOLUTE
    D:\Software\Keil\ARM\CMSIS\5.5.1\CMSIS\RTOS2\RTX\Source\rtx_system.c 0x00000000   Number         0  rtx_system.o ABSOLUTE
    D:\Software\Keil\ARM\CMSIS\5.5.1\CMSIS\RTOS2\RTX\Source\rtx_thread.c 0x00000000   Number         0  rtx_thread.o ABSOLUTE
    D:\Software\Keil\ARM\CMSIS\5.5.1\CMSIS\RTOS2\RTX\Source\rtx_timer.c 0x00000000   Number         0  rtx_timer.o ABSOLUTE
    D:\Software\Keil\ARM\CMSIS\5.5.1\CMSIS\RTOS2\Source\os_systick.c 0x00000000   Number         0  os_systick.o ABSOLUTE
    D:\\Software\\Keil\\ARM\\CMSIS\\5.5.1\\CMSIS\\RTOS2\\RTX\\Source\\rtx_delay.c 0x00000000   Number         0  rtx_delay.o ABSOLUTE
    D:\\Software\\Keil\\ARM\\CMSIS\\5.5.1\\CMSIS\\RTOS2\\RTX\\Source\\rtx_evflags.c 0x00000000   Number         0  rtx_evflags.o ABSOLUTE
    D:\\Software\\Keil\\ARM\\CMSIS\\5.5.1\\CMSIS\\RTOS2\\RTX\\Source\\rtx_evr.c 0x00000000   Number         0  rtx_evr.o ABSOLUTE
    D:\\Software\\Keil\\ARM\\CMSIS\\5.5.1\\CMSIS\\RTOS2\\RTX\\Source\\rtx_kernel.c 0x00000000   Number         0  rtx_kernel.o ABSOLUTE
    D:\\Software\\Keil\\ARM\\CMSIS\\5.5.1\\CMSIS\\RTOS2\\RTX\\Source\\rtx_lib.c 0x00000000   Number         0  rtx_lib.o ABSOLUTE
    D:\\Software\\Keil\\ARM\\CMSIS\\5.5.1\\CMSIS\\RTOS2\\RTX\\Source\\rtx_memory.c 0x00000000   Number         0  rtx_memory.o ABSOLUTE
    D:\\Software\\Keil\\ARM\\CMSIS\\5.5.1\\CMSIS\\RTOS2\\RTX\\Source\\rtx_mempool.c 0x00000000   Number         0  rtx_mempool.o ABSOLUTE
    D:\\Software\\Keil\\ARM\\CMSIS\\5.5.1\\CMSIS\\RTOS2\\RTX\\Source\\rtx_msgqueue.c 0x00000000   Number         0  rtx_msgqueue.o ABSOLUTE
    D:\\Software\\Keil\\ARM\\CMSIS\\5.5.1\\CMSIS\\RTOS2\\RTX\\Source\\rtx_mutex.c 0x00000000   Number         0  rtx_mutex.o ABSOLUTE
    D:\\Software\\Keil\\ARM\\CMSIS\\5.5.1\\CMSIS\\RTOS2\\RTX\\Source\\rtx_semaphore.c 0x00000000   Number         0  rtx_semaphore.o ABSOLUTE
    D:\\Software\\Keil\\ARM\\CMSIS\\5.5.1\\CMSIS\\RTOS2\\RTX\\Source\\rtx_system.c 0x00000000   Number         0  rtx_system.o ABSOLUTE
    D:\\Software\\Keil\\ARM\\CMSIS\\5.5.1\\CMSIS\\RTOS2\\RTX\\Source\\rtx_thread.c 0x00000000   Number         0  rtx_thread.o ABSOLUTE
    D:\\Software\\Keil\\ARM\\CMSIS\\5.5.1\\CMSIS\\RTOS2\\RTX\\Source\\rtx_timer.c 0x00000000   Number         0  rtx_timer.o ABSOLUTE
    D:\\Software\\Keil\\ARM\\CMSIS\\5.5.1\\CMSIS\\RTOS2\\Source\\os_systick.c 0x00000000   Number         0  os_systick.o ABSOLUTE
    RTE\CMSIS\RTX_Config.c                   0x00000000   Number         0  rtx_config.o ABSOLUTE
    RTE\\CMSIS\\RTX_Config.c                 0x00000000   Number         0  rtx_config.o ABSOLUTE
    dc.s                                     0x00000000   Number         0  dc.o ABSOLUTE
    handlers.s                               0x00000000   Number         0  handlers.o ABSOLUTE
    init.s                                   0x00000000   Number         0  init.o ABSOLUTE
    startup_stm32f103xe.s                    0x00000000   Number         0  startup_stm32f103xe.o ABSOLUTE
    RESET                                    0x08000000   Section      304  startup_stm32f103xe.o(RESET)
    .ARM.Collect$$$$00000000                 0x08000130   Section        0  entry.o(.ARM.Collect$$$$00000000)
    .ARM.Collect$$$$00000001                 0x08000130   Section        4  entry2.o(.ARM.Collect$$$$00000001)
    .ARM.Collect$$$$00000004                 0x08000134   Section        4  entry5.o(.ARM.Collect$$$$00000004)
    .ARM.Collect$$$$00000008                 0x08000138   Section        0  entry7b.o(.ARM.Collect$$$$00000008)
    .ARM.Collect$$$$0000000A                 0x08000138   Section        0  entry8b.o(.ARM.Collect$$$$0000000A)
    .ARM.Collect$$$$0000000B                 0x08000138   Section        8  entry9a.o(.ARM.Collect$$$$0000000B)
    .ARM.Collect$$$$0000000D                 0x08000140   Section        0  entry10a.o(.ARM.Collect$$$$0000000D)
    .ARM.Collect$$$$0000000F                 0x08000140   Section        0  entry11a.o(.ARM.Collect$$$$0000000F)
    .ARM.Collect$$$$00002712                 0x08000140   Section        4  entry2.o(.ARM.Collect$$$$00002712)
    __lit__00000000                          0x08000140   Data           4  entry2.o(.ARM.Collect$$$$00002712)
    .emb_text                                0x08000144   Section      328  rtx_mempool.o(.emb_text)
    .emb_text                                0x0800028c   Section      328  rtx_msgqueue.o(.emb_text)
    .emb_text                                0x080003d4   Section      328  rtx_system.o(.emb_text)
    .emb_text                                0x0800051c   Section      328  rtx_thread.o(.emb_text)
    .text                                    0x08000664   Section       36  startup_stm32f103xe.o(.text)
    .text                                    0x08000688   Section      148  irq_cm3.o(.text)
    .text                                    0x0800071c   Section        0  memcpya.o(.text)
    .text                                    0x08000740   Section        0  memseta.o(.text)
    .text                                    0x08000764   Section       36  init.o(.text)
    .text                                    0x08000788   Section        0  __dczerorl.o(.text)
    i.BusFault_Handler                       0x080007c2   Section        0  stm32f1xx_it.o(i.BusFault_Handler)
    i.DebugMon_Handler                       0x080007c4   Section        0  stm32f1xx_it.o(i.DebugMon_Handler)
    i.EvrRtxDelay                            0x080007c6   Section        0  rtx_evr.o(i.EvrRtxDelay)
    i.EvrRtxDelayCompleted                   0x080007c8   Section        0  rtx_evr.o(i.EvrRtxDelayCompleted)
    i.EvrRtxDelayError                       0x080007ca   Section        0  rtx_evr.o(i.EvrRtxDelayError)
    i.EvrRtxDelayStarted                     0x080007cc   Section        0  rtx_evr.o(i.EvrRtxDelayStarted)
    i.EvrRtxEventFlagsWaitTimeout            0x080007ce   Section        0  rtx_evr.o(i.EvrRtxEventFlagsWaitTimeout)
    i.EvrRtxKernelError                      0x080007d0   Section        0  rtx_evr.o(i.EvrRtxKernelError)
    i.EvrRtxKernelInitialize                 0x080007d2   Section        0  rtx_evr.o(i.EvrRtxKernelInitialize)
    i.EvrRtxKernelInitialized                0x080007d4   Section        0  rtx_evr.o(i.EvrRtxKernelInitialized)
    i.EvrRtxKernelStart                      0x080007d6   Section        0  rtx_evr.o(i.EvrRtxKernelStart)
    i.EvrRtxKernelStarted                    0x080007d8   Section        0  rtx_evr.o(i.EvrRtxKernelStarted)
    i.EvrRtxMemoryAlloc                      0x080007da   Section        0  rtx_evr.o(i.EvrRtxMemoryAlloc)
    i.EvrRtxMemoryBlockAlloc                 0x080007dc   Section        0  rtx_evr.o(i.EvrRtxMemoryBlockAlloc)
    i.EvrRtxMemoryBlockFree                  0x080007de   Section        0  rtx_evr.o(i.EvrRtxMemoryBlockFree)
    i.EvrRtxMemoryBlockInit                  0x080007e0   Section        0  rtx_evr.o(i.EvrRtxMemoryBlockInit)
    i.EvrRtxMemoryFree                       0x080007e2   Section        0  rtx_evr.o(i.EvrRtxMemoryFree)
    i.EvrRtxMemoryInit                       0x080007e4   Section        0  rtx_evr.o(i.EvrRtxMemoryInit)
    i.EvrRtxMemoryPoolAllocTimeout           0x080007e6   Section        0  rtx_evr.o(i.EvrRtxMemoryPoolAllocTimeout)
    i.EvrRtxMessageQueueCreated              0x080007e8   Section        0  rtx_evr.o(i.EvrRtxMessageQueueCreated)
    i.EvrRtxMessageQueueError                0x080007ea   Section        0  rtx_evr.o(i.EvrRtxMessageQueueError)
    i.EvrRtxMessageQueueGet                  0x080007ec   Section        0  rtx_evr.o(i.EvrRtxMessageQueueGet)
    i.EvrRtxMessageQueueGetPending           0x080007ee   Section        0  rtx_evr.o(i.EvrRtxMessageQueueGetPending)
    i.EvrRtxMessageQueueGetTimeout           0x080007f0   Section        0  rtx_evr.o(i.EvrRtxMessageQueueGetTimeout)
    i.EvrRtxMessageQueueInsertPending        0x080007f2   Section        0  rtx_evr.o(i.EvrRtxMessageQueueInsertPending)
    i.EvrRtxMessageQueueInserted             0x080007f4   Section        0  rtx_evr.o(i.EvrRtxMessageQueueInserted)
    i.EvrRtxMessageQueueNew                  0x080007f6   Section        0  rtx_evr.o(i.EvrRtxMessageQueueNew)
    i.EvrRtxMessageQueueNotInserted          0x080007f8   Section        0  rtx_evr.o(i.EvrRtxMessageQueueNotInserted)
    i.EvrRtxMessageQueueNotRetrieved         0x080007fa   Section        0  rtx_evr.o(i.EvrRtxMessageQueueNotRetrieved)
    i.EvrRtxMessageQueuePut                  0x080007fc   Section        0  rtx_evr.o(i.EvrRtxMessageQueuePut)
    i.EvrRtxMessageQueuePutPending           0x080007fe   Section        0  rtx_evr.o(i.EvrRtxMessageQueuePutPending)
    i.EvrRtxMessageQueuePutTimeout           0x08000800   Section        0  rtx_evr.o(i.EvrRtxMessageQueuePutTimeout)
    i.EvrRtxMessageQueueRetrieved            0x08000802   Section        0  rtx_evr.o(i.EvrRtxMessageQueueRetrieved)
    i.EvrRtxMutexAcquireTimeout              0x08000804   Section        0  rtx_evr.o(i.EvrRtxMutexAcquireTimeout)
    i.EvrRtxMutexAcquired                    0x08000806   Section        0  rtx_evr.o(i.EvrRtxMutexAcquired)
    i.EvrRtxMutexReleased                    0x08000808   Section        0  rtx_evr.o(i.EvrRtxMutexReleased)
    i.EvrRtxSemaphoreAcquireTimeout          0x0800080a   Section        0  rtx_evr.o(i.EvrRtxSemaphoreAcquireTimeout)
    i.EvrRtxThreadBlocked                    0x0800080c   Section        0  rtx_evr.o(i.EvrRtxThreadBlocked)
    i.EvrRtxThreadCreated                    0x0800080e   Section        0  rtx_evr.o(i.EvrRtxThreadCreated)
    i.EvrRtxThreadDestroyed                  0x08000810   Section        0  rtx_evr.o(i.EvrRtxThreadDestroyed)
    i.EvrRtxThreadError                      0x08000812   Section        0  rtx_evr.o(i.EvrRtxThreadError)
    i.EvrRtxThreadExit                       0x08000814   Section        0  rtx_evr.o(i.EvrRtxThreadExit)
    i.EvrRtxThreadFlagsWaitCompleted         0x08000816   Section        0  rtx_evr.o(i.EvrRtxThreadFlagsWaitCompleted)
    i.EvrRtxThreadFlagsWaitTimeout           0x08000818   Section        0  rtx_evr.o(i.EvrRtxThreadFlagsWaitTimeout)
    i.EvrRtxThreadJoined                     0x0800081a   Section        0  rtx_evr.o(i.EvrRtxThreadJoined)
    i.EvrRtxThreadNew                        0x0800081c   Section        0  rtx_evr.o(i.EvrRtxThreadNew)
    i.EvrRtxThreadPreempted                  0x0800081e   Section        0  rtx_evr.o(i.EvrRtxThreadPreempted)
    i.EvrRtxThreadSwitched                   0x08000820   Section        0  rtx_evr.o(i.EvrRtxThreadSwitched)
    i.EvrRtxThreadUnblocked                  0x08000822   Section        0  rtx_evr.o(i.EvrRtxThreadUnblocked)
    i.EvrRtxTimerCallback                    0x08000824   Section        0  rtx_evr.o(i.EvrRtxTimerCallback)
    i.HAL_GPIO_Init                          0x08000828   Section        0  stm32f1xx_hal_gpio.o(i.HAL_GPIO_Init)
    i.HAL_GPIO_TogglePin                     0x08000a20   Section        0  stm32f1xx_hal_gpio.o(i.HAL_GPIO_TogglePin)
    i.HAL_GPIO_WritePin                      0x08000a30   Section        0  stm32f1xx_hal_gpio.o(i.HAL_GPIO_WritePin)
    i.HAL_GetTick                            0x08000a3c   Section        0  stm32f1xx_hal.o(i.HAL_GetTick)
    i.HAL_IncTick                            0x08000a48   Section        0  stm32f1xx_hal.o(i.HAL_IncTick)
    i.HAL_Init                               0x08000a58   Section        0  stm32f1xx_hal.o(i.HAL_Init)
    i.HAL_InitTick                           0x08000a7c   Section        0  stm32f1xx_hal_timebase_tim.o(i.HAL_InitTick)
    i.HAL_MspInit                            0x08000af0   Section        0  stm32f1xx_hal_msp.o(i.HAL_MspInit)
    i.HAL_NVIC_EnableIRQ                     0x08000b2c   Section        0  stm32f1xx_hal_cortex.o(i.HAL_NVIC_EnableIRQ)
    i.HAL_NVIC_SetPriority                   0x08000b48   Section        0  stm32f1xx_hal_cortex.o(i.HAL_NVIC_SetPriority)
    i.HAL_NVIC_SetPriorityGrouping           0x08000b88   Section        0  stm32f1xx_hal_cortex.o(i.HAL_NVIC_SetPriorityGrouping)
    i.HAL_RCC_ClockConfig                    0x08000bac   Section        0  stm32f1xx_hal_rcc.o(i.HAL_RCC_ClockConfig)
    i.HAL_RCC_GetClockConfig                 0x08000cd8   Section        0  stm32f1xx_hal_rcc.o(i.HAL_RCC_GetClockConfig)
    i.HAL_RCC_GetPCLK2Freq                   0x08000d18   Section        0  stm32f1xx_hal_rcc.o(i.HAL_RCC_GetPCLK2Freq)
    i.HAL_RCC_GetSysClockFreq                0x08000d38   Section        0  stm32f1xx_hal_rcc.o(i.HAL_RCC_GetSysClockFreq)
    i.HAL_RCC_OscConfig                      0x08000da4   Section        0  stm32f1xx_hal_rcc.o(i.HAL_RCC_OscConfig)
    i.HAL_TIMEx_BreakCallback                0x080010c4   Section        0  stm32f1xx_hal_tim_ex.o(i.HAL_TIMEx_BreakCallback)
    i.HAL_TIMEx_CommutCallback               0x080010c6   Section        0  stm32f1xx_hal_tim_ex.o(i.HAL_TIMEx_CommutCallback)
    i.HAL_TIM_Base_Init                      0x080010c8   Section        0  stm32f1xx_hal_tim.o(i.HAL_TIM_Base_Init)
    i.HAL_TIM_Base_MspInit                   0x08001122   Section        0  stm32f1xx_hal_tim.o(i.HAL_TIM_Base_MspInit)
    i.HAL_TIM_Base_Start_IT                  0x08001124   Section        0  stm32f1xx_hal_tim.o(i.HAL_TIM_Base_Start_IT)
    i.HAL_TIM_IC_CaptureCallback             0x08001190   Section        0  stm32f1xx_hal_tim.o(i.HAL_TIM_IC_CaptureCallback)
    i.HAL_TIM_IRQHandler                     0x08001192   Section        0  stm32f1xx_hal_tim.o(i.HAL_TIM_IRQHandler)
    i.HAL_TIM_OC_DelayElapsedCallback        0x080012f8   Section        0  stm32f1xx_hal_tim.o(i.HAL_TIM_OC_DelayElapsedCallback)
    i.HAL_TIM_PWM_PulseFinishedCallback      0x080012fa   Section        0  stm32f1xx_hal_tim.o(i.HAL_TIM_PWM_PulseFinishedCallback)
    i.HAL_TIM_PeriodElapsedCallback          0x080012fc   Section        0  main.o(i.HAL_TIM_PeriodElapsedCallback)
    i.HAL_TIM_TriggerCallback                0x08001310   Section        0  stm32f1xx_hal_tim.o(i.HAL_TIM_TriggerCallback)
    i.HardFault_Handler                      0x08001312   Section        0  stm32f1xx_it.o(i.HardFault_Handler)
    i.IsIrqMasked                            0x08001314   Section        0  rtx_delay.o(i.IsIrqMasked)
    IsIrqMasked                              0x08001315   Thumb Code    18  rtx_delay.o(i.IsIrqMasked)
    i.IsIrqMasked                            0x08001326   Section        0  rtx_kernel.o(i.IsIrqMasked)
    IsIrqMasked                              0x08001327   Thumb Code    18  rtx_kernel.o(i.IsIrqMasked)
    i.IsIrqMasked                            0x08001338   Section        0  rtx_msgqueue.o(i.IsIrqMasked)
    IsIrqMasked                              0x08001339   Thumb Code    18  rtx_msgqueue.o(i.IsIrqMasked)
    i.IsIrqMasked                            0x0800134a   Section        0  rtx_thread.o(i.IsIrqMasked)
    IsIrqMasked                              0x0800134b   Thumb Code    18  rtx_thread.o(i.IsIrqMasked)
    i.IsIrqMode                              0x0800135c   Section        0  rtx_delay.o(i.IsIrqMode)
    IsIrqMode                                0x0800135d   Thumb Code    12  rtx_delay.o(i.IsIrqMode)
    i.IsIrqMode                              0x08001368   Section        0  rtx_kernel.o(i.IsIrqMode)
    IsIrqMode                                0x08001369   Thumb Code    12  rtx_kernel.o(i.IsIrqMode)
    i.IsIrqMode                              0x08001374   Section        0  rtx_msgqueue.o(i.IsIrqMode)
    IsIrqMode                                0x08001375   Thumb Code    12  rtx_msgqueue.o(i.IsIrqMode)
    i.IsIrqMode                              0x08001380   Section        0  rtx_thread.o(i.IsIrqMode)
    IsIrqMode                                0x08001381   Thumb Code    12  rtx_thread.o(i.IsIrqMode)
    i.LED_Init                               0x0800138c   Section        0  led.o(i.LED_Init)
    i.MemManage_Handler                      0x08001404   Section        0  stm32f1xx_it.o(i.MemManage_Handler)
    i.MessageQueueGet                        0x08001406   Section        0  rtx_msgqueue.o(i.MessageQueueGet)
    MessageQueueGet                          0x08001407   Thumb Code    40  rtx_msgqueue.o(i.MessageQueueGet)
    i.MessageQueuePut                        0x0800142e   Section        0  rtx_msgqueue.o(i.MessageQueuePut)
    MessageQueuePut                          0x0800142f   Thumb Code    62  rtx_msgqueue.o(i.MessageQueuePut)
    i.MessageQueueRemove                     0x0800146c   Section        0  rtx_msgqueue.o(i.MessageQueueRemove)
    MessageQueueRemove                       0x0800146d   Thumb Code    28  rtx_msgqueue.o(i.MessageQueueRemove)
    i.NMI_Handler                            0x08001488   Section        0  stm32f1xx_it.o(i.NMI_Handler)
    i.OS_Tick_AcknowledgeIRQ                 0x0800148a   Section        0  os_systick.o(i.OS_Tick_AcknowledgeIRQ)
    i.OS_Tick_Enable                         0x08001494   Section        0  os_systick.o(i.OS_Tick_Enable)
    i.OS_Tick_GetIRQn                        0x080014bc   Section        0  os_systick.o(i.OS_Tick_GetIRQn)
    i.OS_Tick_Setup                          0x080014c4   Section        0  os_systick.o(i.OS_Tick_Setup)
    i.SystemClock_Config                     0x08001504   Section        0  main.o(i.SystemClock_Config)
    i.SystemInit                             0x08001562   Section        0  system_stm32f1xx.o(i.SystemInit)
    i.TIM8_UP_IRQHandler                     0x08001564   Section        0  stm32f1xx_it.o(i.TIM8_UP_IRQHandler)
    i.TIM_Base_SetConfig                     0x08001570   Section        0  stm32f1xx_hal_tim.o(i.TIM_Base_SetConfig)
    i.Thread1                                0x080015fc   Section        0  task.o(i.Thread1)
    i.Thread2                                0x08001618   Section        0  task.o(i.Thread2)
    i.ThreadFlagsCheck                       0x08001634   Section        0  rtx_thread.o(i.ThreadFlagsCheck)
    ThreadFlagsCheck                         0x08001635   Thumb Code    46  rtx_thread.o(i.ThreadFlagsCheck)
    i.Thread_Init                            0x08001664   Section        0  task.o(i.Thread_Init)
    i.TimerInsert                            0x08001694   Section        0  rtx_timer.o(i.TimerInsert)
    TimerInsert                              0x08001695   Thumb Code    50  rtx_timer.o(i.TimerInsert)
    i.UsageFault_Handler                     0x080016cc   Section        0  stm32f1xx_it.o(i.UsageFault_Handler)
    i.__NVIC_SetPriority                     0x080016ce   Section        0  stm32f1xx_hal_cortex.o(i.__NVIC_SetPriority)
    __NVIC_SetPriority                       0x080016cf   Thumb Code    32  stm32f1xx_hal_cortex.o(i.__NVIC_SetPriority)
    i.__scatterload_copy                     0x080016ee   Section       14  handlers.o(i.__scatterload_copy)
    i.__scatterload_null                     0x080016fc   Section        2  handlers.o(i.__scatterload_null)
    i.__scatterload_zeroinit                 0x080016fe   Section       14  handlers.o(i.__scatterload_zeroinit)
    i.main                                   0x0800170c   Section        0  main.o(i.main)
    i.osDelay                                0x08001760   Section        0  rtx_delay.o(i.osDelay)
    i.osKernelInitialize                     0x08001790   Section        0  rtx_kernel.o(i.osKernelInitialize)
    i.osKernelStart                          0x080017c0   Section        0  rtx_kernel.o(i.osKernelStart)
    i.osMessageQueueGet                      0x080017ec   Section        0  rtx_msgqueue.o(i.osMessageQueueGet)
    i.osMessageQueueNew                      0x08001878   Section        0  rtx_msgqueue.o(i.osMessageQueueNew)
    i.osMessageQueuePut                      0x080018b0   Section        0  rtx_msgqueue.o(i.osMessageQueuePut)
    i.osRtxErrorNotify                       0x08001948   Section        0  rtx_config.o(i.osRtxErrorNotify)
    i.osRtxIdleThread                        0x0800194a   Section        0  rtx_config.o(i.osRtxIdleThread)
    i.osRtxKernelPreInit                     0x0800194c   Section        0  rtx_kernel.o(i.osRtxKernelPreInit)
    i.osRtxMemoryAlloc                       0x0800194e   Section        0  rtx_memory.o(i.osRtxMemoryAlloc)
    i.osRtxMemoryFree                        0x080019ce   Section        0  rtx_memory.o(i.osRtxMemoryFree)
    i.osRtxMemoryInit                        0x08001a16   Section        0  rtx_memory.o(i.osRtxMemoryInit)
    i.osRtxMemoryPoolAlloc                   0x08001a52   Section        0  rtx_mempool.o(i.osRtxMemoryPoolAlloc)
    i.osRtxMemoryPoolFree                    0x08001a82   Section        0  rtx_mempool.o(i.osRtxMemoryPoolFree)
    i.osRtxMemoryPoolInit                    0x08001ac2   Section        0  rtx_mempool.o(i.osRtxMemoryPoolInit)
    i.osRtxMessageQueuePostProcess           0x08001b08   Section        0  rtx_msgqueue.o(i.osRtxMessageQueuePostProcess)
    osRtxMessageQueuePostProcess             0x08001b09   Thumb Code   236  rtx_msgqueue.o(i.osRtxMessageQueuePostProcess)
    i.osRtxMutexOwnerRelease                 0x08001bf4   Section        0  rtx_mutex.o(i.osRtxMutexOwnerRelease)
    i.osRtxPendSV_Handler                    0x08001c44   Section        0  rtx_system.o(i.osRtxPendSV_Handler)
    i.osRtxPostProcess                       0x08001ca8   Section        0  rtx_system.o(i.osRtxPostProcess)
    i.osRtxThreadBlock                       0x08001cf8   Section        0  rtx_thread.o(i.osRtxThreadBlock)
    osRtxThreadBlock                         0x08001cf9   Thumb Code    48  rtx_thread.o(i.osRtxThreadBlock)
    i.osRtxThreadDelayInsert                 0x08001d2c   Section        0  rtx_thread.o(i.osRtxThreadDelayInsert)
    osRtxThreadDelayInsert                   0x08001d2d   Thumb Code    88  rtx_thread.o(i.osRtxThreadDelayInsert)
    i.osRtxThreadDelayRemove                 0x08001d88   Section        0  rtx_thread.o(i.osRtxThreadDelayRemove)
    osRtxThreadDelayRemove                   0x08001d89   Thumb Code    66  rtx_thread.o(i.osRtxThreadDelayRemove)
    i.osRtxThreadDelayTick                   0x08001dd0   Section        0  rtx_thread.o(i.osRtxThreadDelayTick)
    i.osRtxThreadDispatch                    0x08001e90   Section        0  rtx_thread.o(i.osRtxThreadDispatch)
    i.osRtxThreadFree                        0x08001eec   Section        0  rtx_thread.o(i.osRtxThreadFree)
    osRtxThreadFree                          0x08001eed   Thumb Code    78  rtx_thread.o(i.osRtxThreadFree)
    i.osRtxThreadListGet                     0x08001f40   Section        0  rtx_thread.o(i.osRtxThreadListGet)
    i.osRtxThreadListPut                     0x08001f54   Section        0  rtx_thread.o(i.osRtxThreadListPut)
    i.osRtxThreadListRemove                  0x08001f78   Section        0  rtx_thread.o(i.osRtxThreadListRemove)
    i.osRtxThreadListRoot                    0x08001f90   Section        0  rtx_thread.o(i.osRtxThreadListRoot)
    osRtxThreadListRoot                      0x08001f91   Thumb Code    12  rtx_thread.o(i.osRtxThreadListRoot)
    i.osRtxThreadPostProcess                 0x08001f9c   Section        0  rtx_thread.o(i.osRtxThreadPostProcess)
    osRtxThreadPostProcess                   0x08001f9d   Thumb Code    56  rtx_thread.o(i.osRtxThreadPostProcess)
    i.osRtxThreadReadyPut                    0x08001fd4   Section        0  rtx_thread.o(i.osRtxThreadReadyPut)
    i.osRtxThreadRegPtr                      0x08001fe4   Section        0  rtx_thread.o(i.osRtxThreadRegPtr)
    i.osRtxThreadStackCheck                  0x08001fec   Section        0  rtx_thread.o(i.osRtxThreadStackCheck)
    i.osRtxThreadStartup                     0x08002014   Section        0  rtx_thread.o(i.osRtxThreadStartup)
    i.osRtxThreadSwitch                      0x08002050   Section        0  rtx_thread.o(i.osRtxThreadSwitch)
    i.osRtxThreadWaitEnter                   0x08002070   Section        0  rtx_thread.o(i.osRtxThreadWaitEnter)
    i.osRtxThreadWaitExit                    0x080020b0   Section        0  rtx_thread.o(i.osRtxThreadWaitExit)
    i.osRtxTick_Handler                      0x080020e0   Section        0  rtx_system.o(i.osRtxTick_Handler)
    i.osRtxTimerThread                       0x08002158   Section        0  rtx_timer.o(i.osRtxTimerThread)
    i.osRtxTimerTick                         0x080021a0   Section        0  rtx_timer.o(i.osRtxTimerTick)
    osRtxTimerTick                           0x080021a1   Thumb Code    88  rtx_timer.o(i.osRtxTimerTick)
    i.osThreadExit                           0x080021fc   Section        0  rtx_thread.o(i.osThreadExit)
    i.osThreadNew                            0x08002218   Section        0  rtx_thread.o(i.osThreadNew)
    i.svcRtxDelay                            0x08002250   Section        0  rtx_delay.o(i.svcRtxDelay)
    svcRtxDelay                              0x08002251   Thumb Code    36  rtx_delay.o(i.svcRtxDelay)
    i.svcRtxKernelInitialize                 0x08002278   Section        0  rtx_kernel.o(i.svcRtxKernelInitialize)
    svcRtxKernelInitialize                   0x08002279   Thumb Code   302  rtx_kernel.o(i.svcRtxKernelInitialize)
    i.svcRtxKernelStart                      0x080023b0   Section        0  rtx_kernel.o(i.svcRtxKernelStart)
    svcRtxKernelStart                        0x080023b1   Thumb Code   144  rtx_kernel.o(i.svcRtxKernelStart)
    i.svcRtxMessageQueueGet                  0x08002450   Section        0  rtx_msgqueue.o(i.svcRtxMessageQueueGet)
    svcRtxMessageQueueGet                    0x08002451   Thumb Code   264  rtx_msgqueue.o(i.svcRtxMessageQueueGet)
    i.svcRtxMessageQueueNew                  0x0800255c   Section        0  rtx_msgqueue.o(i.svcRtxMessageQueueNew)
    svcRtxMessageQueueNew                    0x0800255d   Thumb Code   294  rtx_msgqueue.o(i.svcRtxMessageQueueNew)
    i.svcRtxMessageQueuePut                  0x0800268c   Section        0  rtx_msgqueue.o(i.svcRtxMessageQueuePut)
    svcRtxMessageQueuePut                    0x0800268d   Thumb Code   234  rtx_msgqueue.o(i.svcRtxMessageQueuePut)
    i.svcRtxThreadExit                       0x0800277c   Section        0  rtx_thread.o(i.svcRtxThreadExit)
    svcRtxThreadExit                         0x0800277d   Thumb Code   114  rtx_thread.o(i.svcRtxThreadExit)
    i.svcRtxThreadNew                        0x080027f4   Section        0  rtx_thread.o(i.svcRtxThreadNew)
    svcRtxThreadNew                          0x080027f5   Thumb Code   438  rtx_thread.o(i.svcRtxThreadNew)
    .constdata                               0x080029c0   Section       16  system_stm32f1xx.o(.constdata)
    .constdata                               0x080029d0   Section        8  system_stm32f1xx.o(.constdata)
    .constdata                               0x080029d8   Section       72  task.o(.constdata)
    .constdata                               0x08002a20   Section       36  rtx_lib.o(.constdata)
    os_idle_thread_attr                      0x08002a20   Data          36  rtx_lib.o(.constdata)
    .constdata                               0x08002a44   Section       36  rtx_lib.o(.constdata)
    os_timer_thread_attr                     0x08002a44   Data          36  rtx_lib.o(.constdata)
    .constdata                               0x08002a68   Section       24  rtx_lib.o(.constdata)
    os_timer_mq_attr                         0x08002a68   Data          24  rtx_lib.o(.constdata)
    .constdata                               0x08002a80   Section        4  rtx_lib.o(.constdata)
    .conststring                             0x08002a84   Section       16  task.o(.conststring)
    .conststrlit                             0x08002a94   Section       11  rtx_kernel.o(.conststrlit)
    .rodata                                  0x08002aa0   Section      104  rtx_lib.o(.rodata)
    __tagsym$$used                           0x08002aa0   Number         0  rtx_lib.o(.rodata)
    .bss.os                                  0x20000000   Section    32768  rtx_lib.o(.bss.os)
    os_mem                                   0x20000000   Data       32768  rtx_lib.o(.bss.os)
    .bss.os                                  0x20008000   Section       64  rtx_lib.o(.bss.os)
    os_isr_queue                             0x20008000   Data          64  rtx_lib.o(.bss.os)
    .bss.os.msgqueue.cb                      0x20008040   Section       52  rtx_lib.o(.bss.os.msgqueue.cb)
    os_timer_mq_cb                           0x20008040   Data          52  rtx_lib.o(.bss.os.msgqueue.cb)
    .bss.os.msgqueue.mem                     0x20008074   Section       80  rtx_lib.o(.bss.os.msgqueue.mem)
    os_timer_mq_data                         0x20008074   Data          80  rtx_lib.o(.bss.os.msgqueue.mem)
    .bss.os.thread.cb                        0x200080c4   Section       68  rtx_lib.o(.bss.os.thread.cb)
    os_idle_thread_cb                        0x200080c4   Data          68  rtx_lib.o(.bss.os.thread.cb)
    .bss.os.thread.cb                        0x20008108   Section       68  rtx_lib.o(.bss.os.thread.cb)
    os_timer_thread_cb                       0x20008108   Data          68  rtx_lib.o(.bss.os.thread.cb)
    .bss.os.thread.stack                     0x20008150   Section      256  rtx_lib.o(.bss.os.thread.stack)
    os_idle_thread_stack                     0x20008150   Data         256  rtx_lib.o(.bss.os.thread.stack)
    .bss.os.thread.stack                     0x20008250   Section      256  rtx_lib.o(.bss.os.thread.stack)
    os_timer_thread_stack                    0x20008250   Data         256  rtx_lib.o(.bss.os.thread.stack)
    .data                                    0x20008350   Section       12  stm32f1xx_hal.o(.data)
    .data                                    0x2000835c   Section        4  system_stm32f1xx.o(.data)
    .data                                    0x20008360   Section        8  task.o(.data)
    .data                                    0x20008368   Section        1  os_systick.o(.data)
    PendST                                   0x20008368   Data           1  os_systick.o(.data)
    .data.os                                 0x2000836c   Section      164  rtx_kernel.o(.data.os)
    .bss                                     0x20008410   Section       72  stm32f1xx_hal_timebase_tim.o(.bss)
    STACK                                    0x20008458   Section     1024  startup_stm32f103xe.o(STACK)

    Global Symbols

    Symbol Name                              Value     Ov Type        Size  Object(Section)

    BuildAttributes$$THM_ISAv4$P$D$K$B$S$PE$A:L22UL41UL21$X:L11$S22US41US21$IEEE1$IW$USESV6$~STKCKD$USESV7$~SHL$OSPACE$EBA8$MICROLIB$REQ8$PRES8$EABIv2 0x00000000   Number         0  anon$$obj.o ABSOLUTE
    __ARM_use_no_argv                        0x00000000   Number         0  main.o ABSOLUTE
    .bss.os.evflags.cb$$Base                  - Undefined Weak Reference
    .bss.os.evflags.cb$$Limit                 - Undefined Weak Reference
    .bss.os.mempool.cb$$Base                  - Undefined Weak Reference
    .bss.os.mempool.cb$$Limit                 - Undefined Weak Reference
    .bss.os.mutex.cb$$Base                    - Undefined Weak Reference
    .bss.os.mutex.cb$$Limit                   - Undefined Weak Reference
    .bss.os.semaphore.cb$$Base                - Undefined Weak Reference
    .bss.os.semaphore.cb$$Limit               - Undefined Weak Reference
    .bss.os.timer.cb$$Base                    - Undefined Weak Reference
    .bss.os.timer.cb$$Limit                   - Undefined Weak Reference
    __cpp_initialize__aeabi_                  - Undefined Weak Reference
    __cxa_finalize                            - Undefined Weak Reference
    _clock_init                               - Undefined Weak Reference
    _microlib_exit                            - Undefined Weak Reference
    __Vectors_Size                           0x00000130   Number         0  startup_stm32f103xe.o ABSOLUTE
    __Vectors                                0x08000000   Data           4  startup_stm32f103xe.o(RESET)
    __Vectors_End                            0x08000130   Data           0  startup_stm32f103xe.o(RESET)
    __main                                   0x08000131   Thumb Code     0  entry.o(.ARM.Collect$$$$00000000)
    _main_stk                                0x08000131   Thumb Code     0  entry2.o(.ARM.Collect$$$$00000001)
    _main_scatterload                        0x08000135   Thumb Code     0  entry5.o(.ARM.Collect$$$$00000004)
    __main_after_scatterload                 0x08000139   Thumb Code     0  entry5.o(.ARM.Collect$$$$00000004)
    _main_clock                              0x08000139   Thumb Code     0  entry7b.o(.ARM.Collect$$$$00000008)
    _main_cpp_init                           0x08000139   Thumb Code     0  entry8b.o(.ARM.Collect$$$$0000000A)
    _main_init                               0x08000139   Thumb Code     0  entry9a.o(.ARM.Collect$$$$0000000B)
    __rt_final_cpp                           0x08000141   Thumb Code     0  entry10a.o(.ARM.Collect$$$$0000000D)
    __rt_final_exit                          0x08000141   Thumb Code     0  entry11a.o(.ARM.Collect$$$$0000000F)
    __asm___13_rtx_mempool_c_7914b4c7__atomic_wr8 0x08000145   Thumb Code    16  rtx_mempool.o(.emb_text)
    __asm___13_rtx_mempool_c_7914b4c7__atomic_set32 0x08000155   Thumb Code    20  rtx_mempool.o(.emb_text)
    __asm___13_rtx_mempool_c_7914b4c7__atomic_clr32 0x08000169   Thumb Code    22  rtx_mempool.o(.emb_text)
    __asm___13_rtx_mempool_c_7914b4c7__atomic_chk32_all 0x0800017f   Thumb Code    38  rtx_mempool.o(.emb_text)
    __asm___13_rtx_mempool_c_7914b4c7__atomic_chk32_any 0x080001a5   Thumb Code    34  rtx_mempool.o(.emb_text)
    __asm___13_rtx_mempool_c_7914b4c7__atomic_inc32 0x080001c7   Thumb Code    18  rtx_mempool.o(.emb_text)
    __asm___13_rtx_mempool_c_7914b4c7__atomic_inc16_lt 0x080001d9   Thumb Code    30  rtx_mempool.o(.emb_text)
    __asm___13_rtx_mempool_c_7914b4c7__atomic_inc16_lim 0x080001f7   Thumb Code    26  rtx_mempool.o(.emb_text)
    __asm___13_rtx_mempool_c_7914b4c7__atomic_dec32 0x08000211   Thumb Code    18  rtx_mempool.o(.emb_text)
    __asm___13_rtx_mempool_c_7914b4c7__atomic_dec32_nz 0x08000223   Thumb Code    26  rtx_mempool.o(.emb_text)
    __asm___13_rtx_mempool_c_7914b4c7__atomic_dec16_nz 0x0800023d   Thumb Code    26  rtx_mempool.o(.emb_text)
    __asm___13_rtx_mempool_c_7914b4c7__atomic_link_get 0x08000257   Thumb Code    26  rtx_mempool.o(.emb_text)
    __asm___13_rtx_mempool_c_7914b4c7__atomic_link_put 0x08000271   Thumb Code    28  rtx_mempool.o(.emb_text)
    __asm___14_rtx_msgqueue_c_ba128ae8__atomic_wr8 0x0800028d   Thumb Code    16  rtx_msgqueue.o(.emb_text)
    __asm___14_rtx_msgqueue_c_ba128ae8__atomic_set32 0x0800029d   Thumb Code    20  rtx_msgqueue.o(.emb_text)
    __asm___14_rtx_msgqueue_c_ba128ae8__atomic_clr32 0x080002b1   Thumb Code    22  rtx_msgqueue.o(.emb_text)
    __asm___14_rtx_msgqueue_c_ba128ae8__atomic_chk32_all 0x080002c7   Thumb Code    38  rtx_msgqueue.o(.emb_text)
    __asm___14_rtx_msgqueue_c_ba128ae8__atomic_chk32_any 0x080002ed   Thumb Code    34  rtx_msgqueue.o(.emb_text)
    __asm___14_rtx_msgqueue_c_ba128ae8__atomic_inc32 0x0800030f   Thumb Code    18  rtx_msgqueue.o(.emb_text)
    __asm___14_rtx_msgqueue_c_ba128ae8__atomic_inc16_lt 0x08000321   Thumb Code    30  rtx_msgqueue.o(.emb_text)
    __asm___14_rtx_msgqueue_c_ba128ae8__atomic_inc16_lim 0x0800033f   Thumb Code    26  rtx_msgqueue.o(.emb_text)
    __asm___14_rtx_msgqueue_c_ba128ae8__atomic_dec32 0x08000359   Thumb Code    18  rtx_msgqueue.o(.emb_text)
    __asm___14_rtx_msgqueue_c_ba128ae8__atomic_dec32_nz 0x0800036b   Thumb Code    26  rtx_msgqueue.o(.emb_text)
    __asm___14_rtx_msgqueue_c_ba128ae8__atomic_dec16_nz 0x08000385   Thumb Code    26  rtx_msgqueue.o(.emb_text)
    __asm___14_rtx_msgqueue_c_ba128ae8__atomic_link_get 0x0800039f   Thumb Code    26  rtx_msgqueue.o(.emb_text)
    __asm___14_rtx_msgqueue_c_ba128ae8__atomic_link_put 0x080003b9   Thumb Code    28  rtx_msgqueue.o(.emb_text)
    __asm___12_rtx_system_c_024f2f18__atomic_wr8 0x080003d5   Thumb Code    16  rtx_system.o(.emb_text)
    __asm___12_rtx_system_c_024f2f18__atomic_set32 0x080003e5   Thumb Code    20  rtx_system.o(.emb_text)
    __asm___12_rtx_system_c_024f2f18__atomic_clr32 0x080003f9   Thumb Code    22  rtx_system.o(.emb_text)
    __asm___12_rtx_system_c_024f2f18__atomic_chk32_all 0x0800040f   Thumb Code    38  rtx_system.o(.emb_text)
    __asm___12_rtx_system_c_024f2f18__atomic_chk32_any 0x08000435   Thumb Code    34  rtx_system.o(.emb_text)
    __asm___12_rtx_system_c_024f2f18__atomic_inc32 0x08000457   Thumb Code    18  rtx_system.o(.emb_text)
    __asm___12_rtx_system_c_024f2f18__atomic_inc16_lt 0x08000469   Thumb Code    30  rtx_system.o(.emb_text)
    __asm___12_rtx_system_c_024f2f18__atomic_inc16_lim 0x08000487   Thumb Code    26  rtx_system.o(.emb_text)
    __asm___12_rtx_system_c_024f2f18__atomic_dec32 0x080004a1   Thumb Code    18  rtx_system.o(.emb_text)
    __asm___12_rtx_system_c_024f2f18__atomic_dec32_nz 0x080004b3   Thumb Code    26  rtx_system.o(.emb_text)
    __asm___12_rtx_system_c_024f2f18__atomic_dec16_nz 0x080004cd   Thumb Code    26  rtx_system.o(.emb_text)
    __asm___12_rtx_system_c_024f2f18__atomic_link_get 0x080004e7   Thumb Code    26  rtx_system.o(.emb_text)
    __asm___12_rtx_system_c_024f2f18__atomic_link_put 0x08000501   Thumb Code    28  rtx_system.o(.emb_text)
    __asm___12_rtx_thread_c_add96be5__atomic_wr8 0x0800051d   Thumb Code    16  rtx_thread.o(.emb_text)
    __asm___12_rtx_thread_c_add96be5__atomic_set32 0x0800052d   Thumb Code    20  rtx_thread.o(.emb_text)
    __asm___12_rtx_thread_c_add96be5__atomic_clr32 0x08000541   Thumb Code    22  rtx_thread.o(.emb_text)
    __asm___12_rtx_thread_c_add96be5__atomic_chk32_all 0x08000557   Thumb Code    38  rtx_thread.o(.emb_text)
    __asm___12_rtx_thread_c_add96be5__atomic_chk32_any 0x0800057d   Thumb Code    34  rtx_thread.o(.emb_text)
    __asm___12_rtx_thread_c_add96be5__atomic_inc32 0x0800059f   Thumb Code    18  rtx_thread.o(.emb_text)
    __asm___12_rtx_thread_c_add96be5__atomic_inc16_lt 0x080005b1   Thumb Code    30  rtx_thread.o(.emb_text)
    __asm___12_rtx_thread_c_add96be5__atomic_inc16_lim 0x080005cf   Thumb Code    26  rtx_thread.o(.emb_text)
    __asm___12_rtx_thread_c_add96be5__atomic_dec32 0x080005e9   Thumb Code    18  rtx_thread.o(.emb_text)
    __asm___12_rtx_thread_c_add96be5__atomic_dec32_nz 0x080005fb   Thumb Code    26  rtx_thread.o(.emb_text)
    __asm___12_rtx_thread_c_add96be5__atomic_dec16_nz 0x08000615   Thumb Code    26  rtx_thread.o(.emb_text)
    __asm___12_rtx_thread_c_add96be5__atomic_link_get 0x0800062f   Thumb Code    26  rtx_thread.o(.emb_text)
    __asm___12_rtx_thread_c_add96be5__atomic_link_put 0x08000649   Thumb Code    28  rtx_thread.o(.emb_text)
    Reset_Handler                            0x08000665   Thumb Code     8  startup_stm32f103xe.o(.text)
    ADC1_2_IRQHandler                        0x0800067f   Thumb Code     0  startup_stm32f103xe.o(.text)
    ADC3_IRQHandler                          0x0800067f   Thumb Code     0  startup_stm32f103xe.o(.text)
    CAN1_RX1_IRQHandler                      0x0800067f   Thumb Code     0  startup_stm32f103xe.o(.text)
    CAN1_SCE_IRQHandler                      0x0800067f   Thumb Code     0  startup_stm32f103xe.o(.text)
    DMA1_Channel1_IRQHandler                 0x0800067f   Thumb Code     0  startup_stm32f103xe.o(.text)
    DMA1_Channel2_IRQHandler                 0x0800067f   Thumb Code     0  startup_stm32f103xe.o(.text)
    DMA1_Channel3_IRQHandler                 0x0800067f   Thumb Code     0  startup_stm32f103xe.o(.text)
    DMA1_Channel4_IRQHandler                 0x0800067f   Thumb Code     0  startup_stm32f103xe.o(.text)
    DMA1_Channel5_IRQHandler                 0x0800067f   Thumb Code     0  startup_stm32f103xe.o(.text)
    DMA1_Channel6_IRQHandler                 0x0800067f   Thumb Code     0  startup_stm32f103xe.o(.text)
    DMA1_Channel7_IRQHandler                 0x0800067f   Thumb Code     0  startup_stm32f103xe.o(.text)
    DMA2_Channel1_IRQHandler                 0x0800067f   Thumb Code     0  startup_stm32f103xe.o(.text)
    DMA2_Channel2_IRQHandler                 0x0800067f   Thumb Code     0  startup_stm32f103xe.o(.text)
    DMA2_Channel3_IRQHandler                 0x0800067f   Thumb Code     0  startup_stm32f103xe.o(.text)
    DMA2_Channel4_5_IRQHandler               0x0800067f   Thumb Code     0  startup_stm32f103xe.o(.text)
    EXTI0_IRQHandler                         0x0800067f   Thumb Code     0  startup_stm32f103xe.o(.text)
    EXTI15_10_IRQHandler                     0x0800067f   Thumb Code     0  startup_stm32f103xe.o(.text)
    EXTI1_IRQHandler                         0x0800067f   Thumb Code     0  startup_stm32f103xe.o(.text)
    EXTI2_IRQHandler                         0x0800067f   Thumb Code     0  startup_stm32f103xe.o(.text)
    EXTI3_IRQHandler                         0x0800067f   Thumb Code     0  startup_stm32f103xe.o(.text)
    EXTI4_IRQHandler                         0x0800067f   Thumb Code     0  startup_stm32f103xe.o(.text)
    EXTI9_5_IRQHandler                       0x0800067f   Thumb Code     0  startup_stm32f103xe.o(.text)
    FLASH_IRQHandler                         0x0800067f   Thumb Code     0  startup_stm32f103xe.o(.text)
    FSMC_IRQHandler                          0x0800067f   Thumb Code     0  startup_stm32f103xe.o(.text)
    I2C1_ER_IRQHandler                       0x0800067f   Thumb Code     0  startup_stm32f103xe.o(.text)
    I2C1_EV_IRQHandler                       0x0800067f   Thumb Code     0  startup_stm32f103xe.o(.text)
    I2C2_ER_IRQHandler                       0x0800067f   Thumb Code     0  startup_stm32f103xe.o(.text)
    I2C2_EV_IRQHandler                       0x0800067f   Thumb Code     0  startup_stm32f103xe.o(.text)
    PVD_IRQHandler                           0x0800067f   Thumb Code     0  startup_stm32f103xe.o(.text)
    RCC_IRQHandler                           0x0800067f   Thumb Code     0  startup_stm32f103xe.o(.text)
    RTC_Alarm_IRQHandler                     0x0800067f   Thumb Code     0  startup_stm32f103xe.o(.text)
    RTC_IRQHandler                           0x0800067f   Thumb Code     0  startup_stm32f103xe.o(.text)
    SDIO_IRQHandler                          0x0800067f   Thumb Code     0  startup_stm32f103xe.o(.text)
    SPI1_IRQHandler                          0x0800067f   Thumb Code     0  startup_stm32f103xe.o(.text)
    SPI2_IRQHandler                          0x0800067f   Thumb Code     0  startup_stm32f103xe.o(.text)
    SPI3_IRQHandler                          0x0800067f   Thumb Code     0  startup_stm32f103xe.o(.text)
    TAMPER_IRQHandler                        0x0800067f   Thumb Code     0  startup_stm32f103xe.o(.text)
    TIM1_BRK_IRQHandler                      0x0800067f   Thumb Code     0  startup_stm32f103xe.o(.text)
    TIM1_CC_IRQHandler                       0x0800067f   Thumb Code     0  startup_stm32f103xe.o(.text)
    TIM1_TRG_COM_IRQHandler                  0x0800067f   Thumb Code     0  startup_stm32f103xe.o(.text)
    TIM1_UP_IRQHandler                       0x0800067f   Thumb Code     0  startup_stm32f103xe.o(.text)
    TIM2_IRQHandler                          0x0800067f   Thumb Code     0  startup_stm32f103xe.o(.text)
    TIM3_IRQHandler                          0x0800067f   Thumb Code     0  startup_stm32f103xe.o(.text)
    TIM4_IRQHandler                          0x0800067f   Thumb Code     0  startup_stm32f103xe.o(.text)
    TIM5_IRQHandler                          0x0800067f   Thumb Code     0  startup_stm32f103xe.o(.text)
    TIM6_IRQHandler                          0x0800067f   Thumb Code     0  startup_stm32f103xe.o(.text)
    TIM7_IRQHandler                          0x0800067f   Thumb Code     0  startup_stm32f103xe.o(.text)
    TIM8_BRK_IRQHandler                      0x0800067f   Thumb Code     0  startup_stm32f103xe.o(.text)
    TIM8_CC_IRQHandler                       0x0800067f   Thumb Code     0  startup_stm32f103xe.o(.text)
    TIM8_TRG_COM_IRQHandler                  0x0800067f   Thumb Code     0  startup_stm32f103xe.o(.text)
    UART4_IRQHandler                         0x0800067f   Thumb Code     0  startup_stm32f103xe.o(.text)
    UART5_IRQHandler                         0x0800067f   Thumb Code     0  startup_stm32f103xe.o(.text)
    USART1_IRQHandler                        0x0800067f   Thumb Code     0  startup_stm32f103xe.o(.text)
    USART2_IRQHandler                        0x0800067f   Thumb Code     0  startup_stm32f103xe.o(.text)
    USART3_IRQHandler                        0x0800067f   Thumb Code     0  startup_stm32f103xe.o(.text)
    USBWakeUp_IRQHandler                     0x0800067f   Thumb Code     0  startup_stm32f103xe.o(.text)
    USB_HP_CAN1_TX_IRQHandler                0x0800067f   Thumb Code     0  startup_stm32f103xe.o(.text)
    USB_LP_CAN1_RX0_IRQHandler               0x0800067f   Thumb Code     0  startup_stm32f103xe.o(.text)
    WWDG_IRQHandler                          0x0800067f   Thumb Code     0  startup_stm32f103xe.o(.text)
    SVC_Handler                              0x08000689   Thumb Code   108  irq_cm3.o(.text)
    PendSV_Handler                           0x080006f5   Thumb Code    16  irq_cm3.o(.text)
    SysTick_Handler                          0x08000705   Thumb Code    16  irq_cm3.o(.text)
    __aeabi_memcpy                           0x0800071d   Thumb Code    36  memcpya.o(.text)
    __aeabi_memcpy4                          0x0800071d   Thumb Code     0  memcpya.o(.text)
    __aeabi_memcpy8                          0x0800071d   Thumb Code     0  memcpya.o(.text)
    __aeabi_memset                           0x08000741   Thumb Code    14  memseta.o(.text)
    __aeabi_memset4                          0x08000741   Thumb Code     0  memseta.o(.text)
    __aeabi_memset8                          0x08000741   Thumb Code     0  memseta.o(.text)
    __aeabi_memclr                           0x0800074f   Thumb Code     4  memseta.o(.text)
    __aeabi_memclr4                          0x0800074f   Thumb Code     0  memseta.o(.text)
    __aeabi_memclr8                          0x0800074f   Thumb Code     0  memseta.o(.text)
    _memset$wrapper                          0x08000753   Thumb Code    18  memseta.o(.text)
    __scatterload                            0x08000765   Thumb Code    28  init.o(.text)
    __scatterload_rt2                        0x08000765   Thumb Code     0  init.o(.text)
    __decompress                             0x08000789   Thumb Code     0  __dczerorl.o(.text)
    __decompress0                            0x08000789   Thumb Code    58  __dczerorl.o(.text)
    BusFault_Handler                         0x080007c3   Thumb Code     2  stm32f1xx_it.o(i.BusFault_Handler)
    DebugMon_Handler                         0x080007c5   Thumb Code     2  stm32f1xx_it.o(i.DebugMon_Handler)
    EvrRtxDelay                              0x080007c7   Thumb Code     2  rtx_evr.o(i.EvrRtxDelay)
    EvrRtxDelayCompleted                     0x080007c9   Thumb Code     2  rtx_evr.o(i.EvrRtxDelayCompleted)
    EvrRtxDelayError                         0x080007cb   Thumb Code     2  rtx_evr.o(i.EvrRtxDelayError)
    EvrRtxDelayStarted                       0x080007cd   Thumb Code     2  rtx_evr.o(i.EvrRtxDelayStarted)
    EvrRtxEventFlagsWaitTimeout              0x080007cf   Thumb Code     2  rtx_evr.o(i.EvrRtxEventFlagsWaitTimeout)
    EvrRtxKernelError                        0x080007d1   Thumb Code     2  rtx_evr.o(i.EvrRtxKernelError)
    EvrRtxKernelInitialize                   0x080007d3   Thumb Code     2  rtx_evr.o(i.EvrRtxKernelInitialize)
    EvrRtxKernelInitialized                  0x080007d5   Thumb Code     2  rtx_evr.o(i.EvrRtxKernelInitialized)
    EvrRtxKernelStart                        0x080007d7   Thumb Code     2  rtx_evr.o(i.EvrRtxKernelStart)
    EvrRtxKernelStarted                      0x080007d9   Thumb Code     2  rtx_evr.o(i.EvrRtxKernelStarted)
    EvrRtxMemoryAlloc                        0x080007db   Thumb Code     2  rtx_evr.o(i.EvrRtxMemoryAlloc)
    EvrRtxMemoryBlockAlloc                   0x080007dd   Thumb Code     2  rtx_evr.o(i.EvrRtxMemoryBlockAlloc)
    EvrRtxMemoryBlockFree                    0x080007df   Thumb Code     2  rtx_evr.o(i.EvrRtxMemoryBlockFree)
    EvrRtxMemoryBlockInit                    0x080007e1   Thumb Code     2  rtx_evr.o(i.EvrRtxMemoryBlockInit)
    EvrRtxMemoryFree                         0x080007e3   Thumb Code     2  rtx_evr.o(i.EvrRtxMemoryFree)
    EvrRtxMemoryInit                         0x080007e5   Thumb Code     2  rtx_evr.o(i.EvrRtxMemoryInit)
    EvrRtxMemoryPoolAllocTimeout             0x080007e7   Thumb Code     2  rtx_evr.o(i.EvrRtxMemoryPoolAllocTimeout)
    EvrRtxMessageQueueCreated                0x080007e9   Thumb Code     2  rtx_evr.o(i.EvrRtxMessageQueueCreated)
    EvrRtxMessageQueueError                  0x080007eb   Thumb Code     2  rtx_evr.o(i.EvrRtxMessageQueueError)
    EvrRtxMessageQueueGet                    0x080007ed   Thumb Code     2  rtx_evr.o(i.EvrRtxMessageQueueGet)
    EvrRtxMessageQueueGetPending             0x080007ef   Thumb Code     2  rtx_evr.o(i.EvrRtxMessageQueueGetPending)
    EvrRtxMessageQueueGetTimeout             0x080007f1   Thumb Code     2  rtx_evr.o(i.EvrRtxMessageQueueGetTimeout)
    EvrRtxMessageQueueInsertPending          0x080007f3   Thumb Code     2  rtx_evr.o(i.EvrRtxMessageQueueInsertPending)
    EvrRtxMessageQueueInserted               0x080007f5   Thumb Code     2  rtx_evr.o(i.EvrRtxMessageQueueInserted)
    EvrRtxMessageQueueNew                    0x080007f7   Thumb Code     2  rtx_evr.o(i.EvrRtxMessageQueueNew)
    EvrRtxMessageQueueNotInserted            0x080007f9   Thumb Code     2  rtx_evr.o(i.EvrRtxMessageQueueNotInserted)
    EvrRtxMessageQueueNotRetrieved           0x080007fb   Thumb Code     2  rtx_evr.o(i.EvrRtxMessageQueueNotRetrieved)
    EvrRtxMessageQueuePut                    0x080007fd   Thumb Code     2  rtx_evr.o(i.EvrRtxMessageQueuePut)
    EvrRtxMessageQueuePutPending             0x080007ff   Thumb Code     2  rtx_evr.o(i.EvrRtxMessageQueuePutPending)
    EvrRtxMessageQueuePutTimeout             0x08000801   Thumb Code     2  rtx_evr.o(i.EvrRtxMessageQueuePutTimeout)
    EvrRtxMessageQueueRetrieved              0x08000803   Thumb Code     2  rtx_evr.o(i.EvrRtxMessageQueueRetrieved)
    EvrRtxMutexAcquireTimeout                0x08000805   Thumb Code     2  rtx_evr.o(i.EvrRtxMutexAcquireTimeout)
    EvrRtxMutexAcquired                      0x08000807   Thumb Code     2  rtx_evr.o(i.EvrRtxMutexAcquired)
    EvrRtxMutexReleased                      0x08000809   Thumb Code     2  rtx_evr.o(i.EvrRtxMutexReleased)
    EvrRtxSemaphoreAcquireTimeout            0x0800080b   Thumb Code     2  rtx_evr.o(i.EvrRtxSemaphoreAcquireTimeout)
    EvrRtxThreadBlocked                      0x0800080d   Thumb Code     2  rtx_evr.o(i.EvrRtxThreadBlocked)
    EvrRtxThreadCreated                      0x0800080f   Thumb Code     2  rtx_evr.o(i.EvrRtxThreadCreated)
    EvrRtxThreadDestroyed                    0x08000811   Thumb Code     2  rtx_evr.o(i.EvrRtxThreadDestroyed)
    EvrRtxThreadError                        0x08000813   Thumb Code     2  rtx_evr.o(i.EvrRtxThreadError)
    EvrRtxThreadExit                         0x08000815   Thumb Code     2  rtx_evr.o(i.EvrRtxThreadExit)
    EvrRtxThreadFlagsWaitCompleted           0x08000817   Thumb Code     2  rtx_evr.o(i.EvrRtxThreadFlagsWaitCompleted)
    EvrRtxThreadFlagsWaitTimeout             0x08000819   Thumb Code     2  rtx_evr.o(i.EvrRtxThreadFlagsWaitTimeout)
    EvrRtxThreadJoined                       0x0800081b   Thumb Code     2  rtx_evr.o(i.EvrRtxThreadJoined)
    EvrRtxThreadNew                          0x0800081d   Thumb Code     2  rtx_evr.o(i.EvrRtxThreadNew)
    EvrRtxThreadPreempted                    0x0800081f   Thumb Code     2  rtx_evr.o(i.EvrRtxThreadPreempted)
    EvrRtxThreadSwitched                     0x08000821   Thumb Code     2  rtx_evr.o(i.EvrRtxThreadSwitched)
    EvrRtxThreadUnblocked                    0x08000823   Thumb Code     2  rtx_evr.o(i.EvrRtxThreadUnblocked)
    EvrRtxTimerCallback                      0x08000825   Thumb Code     2  rtx_evr.o(i.EvrRtxTimerCallback)
    HAL_GPIO_Init                            0x08000829   Thumb Code   462  stm32f1xx_hal_gpio.o(i.HAL_GPIO_Init)
    HAL_GPIO_TogglePin                       0x08000a21   Thumb Code    16  stm32f1xx_hal_gpio.o(i.HAL_GPIO_TogglePin)
    HAL_GPIO_WritePin                        0x08000a31   Thumb Code    10  stm32f1xx_hal_gpio.o(i.HAL_GPIO_WritePin)
    HAL_GetTick                              0x08000a3d   Thumb Code     6  stm32f1xx_hal.o(i.HAL_GetTick)
    HAL_IncTick                              0x08000a49   Thumb Code    12  stm32f1xx_hal.o(i.HAL_IncTick)
    HAL_Init                                 0x08000a59   Thumb Code    32  stm32f1xx_hal.o(i.HAL_Init)
    HAL_InitTick                             0x08000a7d   Thumb Code    98  stm32f1xx_hal_timebase_tim.o(i.HAL_InitTick)
    HAL_MspInit                              0x08000af1   Thumb Code    52  stm32f1xx_hal_msp.o(i.HAL_MspInit)
    HAL_NVIC_EnableIRQ                       0x08000b2d   Thumb Code    26  stm32f1xx_hal_cortex.o(i.HAL_NVIC_EnableIRQ)
    HAL_NVIC_SetPriority                     0x08000b49   Thumb Code    60  stm32f1xx_hal_cortex.o(i.HAL_NVIC_SetPriority)
    HAL_NVIC_SetPriorityGrouping             0x08000b89   Thumb Code    26  stm32f1xx_hal_cortex.o(i.HAL_NVIC_SetPriorityGrouping)
    HAL_RCC_ClockConfig                      0x08000bad   Thumb Code   280  stm32f1xx_hal_rcc.o(i.HAL_RCC_ClockConfig)
    HAL_RCC_GetClockConfig                   0x08000cd9   Thumb Code    54  stm32f1xx_hal_rcc.o(i.HAL_RCC_GetClockConfig)
    HAL_RCC_GetPCLK2Freq                     0x08000d19   Thumb Code    20  stm32f1xx_hal_rcc.o(i.HAL_RCC_GetPCLK2Freq)
    HAL_RCC_GetSysClockFreq                  0x08000d39   Thumb Code    74  stm32f1xx_hal_rcc.o(i.HAL_RCC_GetSysClockFreq)
    HAL_RCC_OscConfig                        0x08000da5   Thumb Code   778  stm32f1xx_hal_rcc.o(i.HAL_RCC_OscConfig)
    HAL_TIMEx_BreakCallback                  0x080010c5   Thumb Code     2  stm32f1xx_hal_tim_ex.o(i.HAL_TIMEx_BreakCallback)
    HAL_TIMEx_CommutCallback                 0x080010c7   Thumb Code     2  stm32f1xx_hal_tim_ex.o(i.HAL_TIMEx_CommutCallback)
    HAL_TIM_Base_Init                        0x080010c9   Thumb Code    90  stm32f1xx_hal_tim.o(i.HAL_TIM_Base_Init)
    HAL_TIM_Base_MspInit                     0x08001123   Thumb Code     2  stm32f1xx_hal_tim.o(i.HAL_TIM_Base_MspInit)
    HAL_TIM_Base_Start_IT                    0x08001125   Thumb Code    88  stm32f1xx_hal_tim.o(i.HAL_TIM_Base_Start_IT)
    HAL_TIM_IC_CaptureCallback               0x08001191   Thumb Code     2  stm32f1xx_hal_tim.o(i.HAL_TIM_IC_CaptureCallback)
    HAL_TIM_IRQHandler                       0x08001193   Thumb Code   358  stm32f1xx_hal_tim.o(i.HAL_TIM_IRQHandler)
    HAL_TIM_OC_DelayElapsedCallback          0x080012f9   Thumb Code     2  stm32f1xx_hal_tim.o(i.HAL_TIM_OC_DelayElapsedCallback)
    HAL_TIM_PWM_PulseFinishedCallback        0x080012fb   Thumb Code     2  stm32f1xx_hal_tim.o(i.HAL_TIM_PWM_PulseFinishedCallback)
    HAL_TIM_PeriodElapsedCallback            0x080012fd   Thumb Code    14  main.o(i.HAL_TIM_PeriodElapsedCallback)
    HAL_TIM_TriggerCallback                  0x08001311   Thumb Code     2  stm32f1xx_hal_tim.o(i.HAL_TIM_TriggerCallback)
    HardFault_Handler                        0x08001313   Thumb Code     2  stm32f1xx_it.o(i.HardFault_Handler)
    LED_Init                                 0x0800138d   Thumb Code   108  led.o(i.LED_Init)
    MemManage_Handler                        0x08001405   Thumb Code     2  stm32f1xx_it.o(i.MemManage_Handler)
    NMI_Handler                              0x08001489   Thumb Code     2  stm32f1xx_it.o(i.NMI_Handler)
    OS_Tick_AcknowledgeIRQ                   0x0800148b   Thumb Code     8  os_systick.o(i.OS_Tick_AcknowledgeIRQ)
    OS_Tick_Enable                           0x08001495   Thumb Code    32  os_systick.o(i.OS_Tick_Enable)
    OS_Tick_GetIRQn                          0x080014bd   Thumb Code     6  os_systick.o(i.OS_Tick_GetIRQn)
    OS_Tick_Setup                            0x080014c5   Thumb Code    52  os_systick.o(i.OS_Tick_Setup)
    SystemClock_Config                       0x08001505   Thumb Code    94  main.o(i.SystemClock_Config)
    SystemInit                               0x08001563   Thumb Code     2  system_stm32f1xx.o(i.SystemInit)
    TIM8_UP_IRQHandler                       0x08001565   Thumb Code     6  stm32f1xx_it.o(i.TIM8_UP_IRQHandler)
    TIM_Base_SetConfig                       0x08001571   Thumb Code   120  stm32f1xx_hal_tim.o(i.TIM_Base_SetConfig)
    Thread1                                  0x080015fd   Thumb Code    22  task.o(i.Thread1)
    Thread2                                  0x08001619   Thumb Code    22  task.o(i.Thread2)
    Thread_Init                              0x08001665   Thumb Code    32  task.o(i.Thread_Init)
    UsageFault_Handler                       0x080016cd   Thumb Code     2  stm32f1xx_it.o(i.UsageFault_Handler)
    __scatterload_copy                       0x080016ef   Thumb Code    14  handlers.o(i.__scatterload_copy)
    __scatterload_null                       0x080016fd   Thumb Code     2  handlers.o(i.__scatterload_null)
    __scatterload_zeroinit                   0x080016ff   Thumb Code    14  handlers.o(i.__scatterload_zeroinit)
    main                                     0x0800170d   Thumb Code    78  main.o(i.main)
    osDelay                                  0x08001761   Thumb Code    44  rtx_delay.o(i.osDelay)
    osKernelInitialize                       0x08001791   Thumb Code    44  rtx_kernel.o(i.osKernelInitialize)
    osKernelStart                            0x080017c1   Thumb Code    40  rtx_kernel.o(i.osKernelStart)
    osMessageQueueGet                        0x080017ed   Thumb Code   136  rtx_msgqueue.o(i.osMessageQueueGet)
    osMessageQueueNew                        0x08001879   Thumb Code    52  rtx_msgqueue.o(i.osMessageQueueNew)
    osMessageQueuePut                        0x080018b1   Thumb Code   146  rtx_msgqueue.o(i.osMessageQueuePut)
    osRtxErrorNotify                         0x08001949   Thumb Code     2  rtx_config.o(i.osRtxErrorNotify)
    osRtxIdleThread                          0x0800194b   Thumb Code     2  rtx_config.o(i.osRtxIdleThread)
    osRtxKernelPreInit                       0x0800194d   Thumb Code     2  rtx_kernel.o(i.osRtxKernelPreInit)
    osRtxMemoryAlloc                         0x0800194f   Thumb Code   128  rtx_memory.o(i.osRtxMemoryAlloc)
    osRtxMemoryFree                          0x080019cf   Thumb Code    72  rtx_memory.o(i.osRtxMemoryFree)
    osRtxMemoryInit                          0x08001a17   Thumb Code    60  rtx_memory.o(i.osRtxMemoryInit)
    osRtxMemoryPoolAlloc                     0x08001a53   Thumb Code    48  rtx_mempool.o(i.osRtxMemoryPoolAlloc)
    osRtxMemoryPoolFree                      0x08001a83   Thumb Code    64  rtx_mempool.o(i.osRtxMemoryPoolFree)
    osRtxMemoryPoolInit                      0x08001ac3   Thumb Code    70  rtx_mempool.o(i.osRtxMemoryPoolInit)
    osRtxMutexOwnerRelease                   0x08001bf5   Thumb Code    80  rtx_mutex.o(i.osRtxMutexOwnerRelease)
    osRtxPendSV_Handler                      0x08001c45   Thumb Code    94  rtx_system.o(i.osRtxPendSV_Handler)
    osRtxPostProcess                         0x08001ca9   Thumb Code    72  rtx_system.o(i.osRtxPostProcess)
    osRtxThreadDelayTick                     0x08001dd1   Thumb Code   188  rtx_thread.o(i.osRtxThreadDelayTick)
    osRtxThreadDispatch                      0x08001e91   Thumb Code    88  rtx_thread.o(i.osRtxThreadDispatch)
    osRtxThreadListGet                       0x08001f41   Thumb Code    20  rtx_thread.o(i.osRtxThreadListGet)
    osRtxThreadListPut                       0x08001f55   Thumb Code    36  rtx_thread.o(i.osRtxThreadListPut)
    osRtxThreadListRemove                    0x08001f79   Thumb Code    24  rtx_thread.o(i.osRtxThreadListRemove)
    osRtxThreadReadyPut                      0x08001fd5   Thumb Code    12  rtx_thread.o(i.osRtxThreadReadyPut)
    osRtxThreadRegPtr                        0x08001fe5   Thumb Code     6  rtx_thread.o(i.osRtxThreadRegPtr)
    osRtxThreadStackCheck                    0x08001fed   Thumb Code    32  rtx_thread.o(i.osRtxThreadStackCheck)
    osRtxThreadStartup                       0x08002015   Thumb Code    44  rtx_thread.o(i.osRtxThreadStartup)
    osRtxThreadSwitch                        0x08002051   Thumb Code    26  rtx_thread.o(i.osRtxThreadSwitch)
    osRtxThreadWaitEnter                     0x08002071   Thumb Code    58  rtx_thread.o(i.osRtxThreadWaitEnter)
    osRtxThreadWaitExit                      0x080020b1   Thumb Code    46  rtx_thread.o(i.osRtxThreadWaitExit)
    osRtxTick_Handler                        0x080020e1   Thumb Code   116  rtx_system.o(i.osRtxTick_Handler)
    osRtxTimerThread                         0x08002159   Thumb Code    58  rtx_timer.o(i.osRtxTimerThread)
    osThreadExit                             0x080021fd   Thumb Code    22  rtx_thread.o(i.osThreadExit)
    osThreadNew                              0x08002219   Thumb Code    52  rtx_thread.o(i.osThreadNew)
    AHBPrescTable                            0x080029c0   Data          16  system_stm32f1xx.o(.constdata)
    APBPrescTable                            0x080029d0   Data           8  system_stm32f1xx.o(.constdata)
    tid_Thread1_attr                         0x080029d8   Data          36  task.o(.constdata)
    tid_Thread2_attr                         0x080029fc   Data          36  task.o(.constdata)
    osRtxUserSVC                             0x08002a80   Data           4  rtx_lib.o(.constdata)
    osRtxConfig                              0x08002aa0   Data         104  rtx_lib.o(.rodata)
    Region$$Table$$Base                      0x08002b08   Number         0  anon$$obj.o(Region$$Table)
    Region$$Table$$Limit                     0x08002b28   Number         0  anon$$obj.o(Region$$Table)
    .bss.os.msgqueue.cb$$Base                0x20008040   Number         0  rtx_lib.o(.bss.os.msgqueue.cb)
    .bss.os.msgqueue.cb$$Limit               0x20008074   Number         0  rtx_lib.o(.bss.os.msgqueue.cb)
    .bss.os.thread.cb$$Base                  0x200080c4   Number         0  rtx_lib.o(.bss.os.thread.cb)
    .bss.os.thread.cb$$Limit                 0x2000814c   Number         0  rtx_lib.o(.bss.os.thread.cb)
    uwTickFreq                               0x20008350   Data           1  stm32f1xx_hal.o(.data)
    uwTickPrio                               0x20008354   Data           4  stm32f1xx_hal.o(.data)
    uwTick                                   0x20008358   Data           4  stm32f1xx_hal.o(.data)
    SystemCoreClock                          0x2000835c   Data           4  system_stm32f1xx.o(.data)
    Thread1_id                               0x20008360   Data           4  task.o(.data)
    Thread2_id                               0x20008364   Data           4  task.o(.data)
    osRtxInfo                                0x2000836c   Data         164  rtx_kernel.o(.data.os)
    htim8                                    0x20008410   Data          72  stm32f1xx_hal_timebase_tim.o(.bss)
    __initial_sp                             0x20008858   Data           0  startup_stm32f103xe.o(STACK)



==============================================================================

Memory Map of the image

  Image Entry point : 0x08000131

  Load Region LR_IROM1 (Base: 0x08000000, Size: 0x0000af38, Max: 0x00080000, ABSOLUTE, COMPRESSED[0x00002c44])

    Execution Region ER_IROM1 (Exec base: 0x08000000, Load base: 0x08000000, Size: 0x00002b28, Max: 0x00080000, ABSOLUTE)

    Exec Addr    Load Addr    Size         Type   Attr      Idx    E Section Name        Object

    0x08000000   0x08000000   0x00000130   Data   RO            3    RESET               startup_stm32f103xe.o
    0x08000130   0x08000130   0x00000000   Code   RO         5139  * .ARM.Collect$$$$00000000  mc_w.l(entry.o)
    0x08000130   0x08000130   0x00000004   Code   RO         5150    .ARM.Collect$$$$00000001  mc_w.l(entry2.o)
    0x08000134   0x08000134   0x00000004   Code   RO         5153    .ARM.Collect$$$$00000004  mc_w.l(entry5.o)
    0x08000138   0x08000138   0x00000000   Code   RO         5155    .ARM.Collect$$$$00000008  mc_w.l(entry7b.o)
    0x08000138   0x08000138   0x00000000   Code   RO         5157    .ARM.Collect$$$$0000000A  mc_w.l(entry8b.o)
    0x08000138   0x08000138   0x00000008   Code   RO         5158    .ARM.Collect$$$$0000000B  mc_w.l(entry9a.o)
    0x08000140   0x08000140   0x00000000   Code   RO         5160    .ARM.Collect$$$$0000000D  mc_w.l(entry10a.o)
    0x08000140   0x08000140   0x00000000   Code   RO         5162    .ARM.Collect$$$$0000000F  mc_w.l(entry11a.o)
    0x08000140   0x08000140   0x00000004   Code   RO         5151    .ARM.Collect$$$$00002712  mc_w.l(entry2.o)
    0x08000144   0x08000144   0x00000148   Code   RO         3936    .emb_text           rtx_mempool.o
    0x0800028c   0x0800028c   0x00000148   Code   RO         4093    .emb_text           rtx_msgqueue.o
    0x080003d4   0x080003d4   0x00000148   Code   RO         4484    .emb_text           rtx_system.o
    0x0800051c   0x0800051c   0x00000148   Code   RO         4530    .emb_text           rtx_thread.o
    0x08000664   0x08000664   0x00000024   Code   RO            4    .text               startup_stm32f103xe.o
    0x08000688   0x08000688   0x00000094   Code   RO         2361    .text               irq_cm3.o
    0x0800071c   0x0800071c   0x00000024   Code   RO         5144    .text               mc_w.l(memcpya.o)
    0x08000740   0x08000740   0x00000024   Code   RO         5146    .text               mc_w.l(memseta.o)
    0x08000764   0x08000764   0x00000024   Code   RO         5164    .text               mc_w.l(init.o)
    0x08000788   0x08000788   0x0000003a   Code   RO         5174    .text               mc_w.l(__dczerorl.o)
    0x080007c2   0x080007c2   0x00000002   Code   RO          149    i.BusFault_Handler  stm32f1xx_it.o
    0x080007c4   0x080007c4   0x00000002   Code   RO          150    i.DebugMon_Handler  stm32f1xx_it.o
    0x080007c6   0x080007c6   0x00000002   Code   RO         2597    i.EvrRtxDelay       rtx_evr.o
    0x080007c8   0x080007c8   0x00000002   Code   RO         2598    i.EvrRtxDelayCompleted  rtx_evr.o
    0x080007ca   0x080007ca   0x00000002   Code   RO         2599    i.EvrRtxDelayError  rtx_evr.o
    0x080007cc   0x080007cc   0x00000002   Code   RO         2600    i.EvrRtxDelayStarted  rtx_evr.o
    0x080007ce   0x080007ce   0x00000002   Code   RO         2618    i.EvrRtxEventFlagsWaitTimeout  rtx_evr.o
    0x080007d0   0x080007d0   0x00000002   Code   RO         2619    i.EvrRtxKernelError  rtx_evr.o
    0x080007d2   0x080007d2   0x00000002   Code   RO         2627    i.EvrRtxKernelInitialize  rtx_evr.o
    0x080007d4   0x080007d4   0x00000002   Code   RO         2628    i.EvrRtxKernelInitialized  rtx_evr.o
    0x080007d6   0x080007d6   0x00000002   Code   RO         2635    i.EvrRtxKernelStart  rtx_evr.o
    0x080007d8   0x080007d8   0x00000002   Code   RO         2636    i.EvrRtxKernelStarted  rtx_evr.o
    0x080007da   0x080007da   0x00000002   Code   RO         2641    i.EvrRtxMemoryAlloc  rtx_evr.o
    0x080007dc   0x080007dc   0x00000002   Code   RO         2642    i.EvrRtxMemoryBlockAlloc  rtx_evr.o
    0x080007de   0x080007de   0x00000002   Code   RO         2643    i.EvrRtxMemoryBlockFree  rtx_evr.o
    0x080007e0   0x080007e0   0x00000002   Code   RO         2644    i.EvrRtxMemoryBlockInit  rtx_evr.o
    0x080007e2   0x080007e2   0x00000002   Code   RO         2645    i.EvrRtxMemoryFree  rtx_evr.o
    0x080007e4   0x080007e4   0x00000002   Code   RO         2646    i.EvrRtxMemoryInit  rtx_evr.o
    0x080007e6   0x080007e6   0x00000002   Code   RO         2650    i.EvrRtxMemoryPoolAllocTimeout  rtx_evr.o
    0x080007e8   0x080007e8   0x00000002   Code   RO         2665    i.EvrRtxMessageQueueCreated  rtx_evr.o
    0x080007ea   0x080007ea   0x00000002   Code   RO         2668    i.EvrRtxMessageQueueError  rtx_evr.o
    0x080007ec   0x080007ec   0x00000002   Code   RO         2669    i.EvrRtxMessageQueueGet  rtx_evr.o
    0x080007ee   0x080007ee   0x00000002   Code   RO         2674    i.EvrRtxMessageQueueGetPending  rtx_evr.o
    0x080007f0   0x080007f0   0x00000002   Code   RO         2676    i.EvrRtxMessageQueueGetTimeout  rtx_evr.o
    0x080007f2   0x080007f2   0x00000002   Code   RO         2677    i.EvrRtxMessageQueueInsertPending  rtx_evr.o
    0x080007f4   0x080007f4   0x00000002   Code   RO         2678    i.EvrRtxMessageQueueInserted  rtx_evr.o
    0x080007f6   0x080007f6   0x00000002   Code   RO         2679    i.EvrRtxMessageQueueNew  rtx_evr.o
    0x080007f8   0x080007f8   0x00000002   Code   RO         2680    i.EvrRtxMessageQueueNotInserted  rtx_evr.o
    0x080007fa   0x080007fa   0x00000002   Code   RO         2681    i.EvrRtxMessageQueueNotRetrieved  rtx_evr.o
    0x080007fc   0x080007fc   0x00000002   Code   RO         2682    i.EvrRtxMessageQueuePut  rtx_evr.o
    0x080007fe   0x080007fe   0x00000002   Code   RO         2683    i.EvrRtxMessageQueuePutPending  rtx_evr.o
    0x08000800   0x08000800   0x00000002   Code   RO         2684    i.EvrRtxMessageQueuePutTimeout  rtx_evr.o
    0x08000802   0x08000802   0x00000002   Code   RO         2687    i.EvrRtxMessageQueueRetrieved  rtx_evr.o
    0x08000804   0x08000804   0x00000002   Code   RO         2690    i.EvrRtxMutexAcquireTimeout  rtx_evr.o
    0x08000806   0x08000806   0x00000002   Code   RO         2691    i.EvrRtxMutexAcquired  rtx_evr.o
    0x08000808   0x08000808   0x00000002   Code   RO         2701    i.EvrRtxMutexReleased  rtx_evr.o
    0x0800080a   0x0800080a   0x00000002   Code   RO         2704    i.EvrRtxSemaphoreAcquireTimeout  rtx_evr.o
    0x0800080c   0x0800080c   0x00000002   Code   RO         2716    i.EvrRtxThreadBlocked  rtx_evr.o
    0x0800080e   0x0800080e   0x00000002   Code   RO         2717    i.EvrRtxThreadCreated  rtx_evr.o
    0x08000810   0x08000810   0x00000002   Code   RO         2718    i.EvrRtxThreadDestroyed  rtx_evr.o
    0x08000812   0x08000812   0x00000002   Code   RO         2722    i.EvrRtxThreadError  rtx_evr.o
    0x08000814   0x08000814   0x00000002   Code   RO         2723    i.EvrRtxThreadExit  rtx_evr.o
    0x08000816   0x08000816   0x00000002   Code   RO         2731    i.EvrRtxThreadFlagsWaitCompleted  rtx_evr.o
    0x08000818   0x08000818   0x00000002   Code   RO         2734    i.EvrRtxThreadFlagsWaitTimeout  rtx_evr.o
    0x0800081a   0x0800081a   0x00000002   Code   RO         2744    i.EvrRtxThreadJoined  rtx_evr.o
    0x0800081c   0x0800081c   0x00000002   Code   RO         2745    i.EvrRtxThreadNew   rtx_evr.o
    0x0800081e   0x0800081e   0x00000002   Code   RO         2746    i.EvrRtxThreadPreempted  rtx_evr.o
    0x08000820   0x08000820   0x00000002   Code   RO         2753    i.EvrRtxThreadSwitched  rtx_evr.o
    0x08000822   0x08000822   0x00000002   Code   RO         2755    i.EvrRtxThreadUnblocked  rtx_evr.o
    0x08000824   0x08000824   0x00000002   Code   RO         2757    i.EvrRtxTimerCallback  rtx_evr.o
    0x08000826   0x08000826   0x00000002   PAD
    0x08000828   0x08000828   0x000001f8   Code   RO         1600    i.HAL_GPIO_Init     stm32f1xx_hal_gpio.o
    0x08000a20   0x08000a20   0x00000010   Code   RO         1603    i.HAL_GPIO_TogglePin  stm32f1xx_hal_gpio.o
    0x08000a30   0x08000a30   0x0000000a   Code   RO         1604    i.HAL_GPIO_WritePin  stm32f1xx_hal_gpio.o
    0x08000a3a   0x08000a3a   0x00000002   PAD
    0x08000a3c   0x08000a3c   0x0000000c   Code   RO         1296    i.HAL_GetTick       stm32f1xx_hal.o
    0x08000a48   0x08000a48   0x00000010   Code   RO         1302    i.HAL_IncTick       stm32f1xx_hal.o
    0x08000a58   0x08000a58   0x00000024   Code   RO         1303    i.HAL_Init          stm32f1xx_hal.o
    0x08000a7c   0x08000a7c   0x00000074   Code   RO          237    i.HAL_InitTick      stm32f1xx_hal_timebase_tim.o
    0x08000af0   0x08000af0   0x0000003c   Code   RO          213    i.HAL_MspInit       stm32f1xx_hal_msp.o
    0x08000b2c   0x08000b2c   0x0000001a   Code   RO         1760    i.HAL_NVIC_EnableIRQ  stm32f1xx_hal_cortex.o
    0x08000b46   0x08000b46   0x00000002   PAD
    0x08000b48   0x08000b48   0x00000040   Code   RO         1766    i.HAL_NVIC_SetPriority  stm32f1xx_hal_cortex.o
    0x08000b88   0x08000b88   0x00000024   Code   RO         1767    i.HAL_NVIC_SetPriorityGrouping  stm32f1xx_hal_cortex.o
    0x08000bac   0x08000bac   0x0000012c   Code   RO         1460    i.HAL_RCC_ClockConfig  stm32f1xx_hal_rcc.o
    0x08000cd8   0x08000cd8   0x00000040   Code   RO         1464    i.HAL_RCC_GetClockConfig  stm32f1xx_hal_rcc.o
    0x08000d18   0x08000d18   0x00000020   Code   RO         1468    i.HAL_RCC_GetPCLK2Freq  stm32f1xx_hal_rcc.o
    0x08000d38   0x08000d38   0x0000006c   Code   RO         1469    i.HAL_RCC_GetSysClockFreq  stm32f1xx_hal_rcc.o
    0x08000da4   0x08000da4   0x00000320   Code   RO         1472    i.HAL_RCC_OscConfig  stm32f1xx_hal_rcc.o
    0x080010c4   0x080010c4   0x00000002   Code   RO         1018    i.HAL_TIMEx_BreakCallback  stm32f1xx_hal_tim_ex.o
    0x080010c6   0x080010c6   0x00000002   Code   RO         1019    i.HAL_TIMEx_CommutCallback  stm32f1xx_hal_tim_ex.o
    0x080010c8   0x080010c8   0x0000005a   Code   RO          314    i.HAL_TIM_Base_Init  stm32f1xx_hal_tim.o
    0x08001122   0x08001122   0x00000002   Code   RO          316    i.HAL_TIM_Base_MspInit  stm32f1xx_hal_tim.o
    0x08001124   0x08001124   0x0000006c   Code   RO          319    i.HAL_TIM_Base_Start_IT  stm32f1xx_hal_tim.o
    0x08001190   0x08001190   0x00000002   Code   RO          348    i.HAL_TIM_IC_CaptureCallback  stm32f1xx_hal_tim.o
    0x08001192   0x08001192   0x00000166   Code   RO          362    i.HAL_TIM_IRQHandler  stm32f1xx_hal_tim.o
    0x080012f8   0x080012f8   0x00000002   Code   RO          365    i.HAL_TIM_OC_DelayElapsedCallback  stm32f1xx_hal_tim.o
    0x080012fa   0x080012fa   0x00000002   Code   RO          392    i.HAL_TIM_PWM_PulseFinishedCallback  stm32f1xx_hal_tim.o
    0x080012fc   0x080012fc   0x00000014   Code   RO           14    i.HAL_TIM_PeriodElapsedCallback  main.o
    0x08001310   0x08001310   0x00000002   Code   RO          405    i.HAL_TIM_TriggerCallback  stm32f1xx_hal_tim.o
    0x08001312   0x08001312   0x00000002   Code   RO          151    i.HardFault_Handler  stm32f1xx_it.o
    0x08001314   0x08001314   0x00000012   Code   RO         2369    i.IsIrqMasked       rtx_delay.o
    0x08001326   0x08001326   0x00000012   Code   RO         3648    i.IsIrqMasked       rtx_kernel.o
    0x08001338   0x08001338   0x00000012   Code   RO         4094    i.IsIrqMasked       rtx_msgqueue.o
    0x0800134a   0x0800134a   0x00000012   Code   RO         4531    i.IsIrqMasked       rtx_thread.o
    0x0800135c   0x0800135c   0x0000000c   Code   RO         2370    i.IsIrqMode         rtx_delay.o
    0x08001368   0x08001368   0x0000000c   Code   RO         3649    i.IsIrqMode         rtx_kernel.o
    0x08001374   0x08001374   0x0000000c   Code   RO         4095    i.IsIrqMode         rtx_msgqueue.o
    0x08001380   0x08001380   0x0000000c   Code   RO         4532    i.IsIrqMode         rtx_thread.o
    0x0800138c   0x0800138c   0x00000078   Code   RO         2298    i.LED_Init          led.o
    0x08001404   0x08001404   0x00000002   Code   RO          152    i.MemManage_Handler  stm32f1xx_it.o
    0x08001406   0x08001406   0x00000028   Code   RO         4096    i.MessageQueueGet   rtx_msgqueue.o
    0x0800142e   0x0800142e   0x0000003e   Code   RO         4097    i.MessageQueuePut   rtx_msgqueue.o
    0x0800146c   0x0800146c   0x0000001c   Code   RO         4098    i.MessageQueueRemove  rtx_msgqueue.o
    0x08001488   0x08001488   0x00000002   Code   RO          153    i.NMI_Handler       stm32f1xx_it.o
    0x0800148a   0x0800148a   0x00000008   Code   RO         5038    i.OS_Tick_AcknowledgeIRQ  os_systick.o
    0x08001492   0x08001492   0x00000002   PAD
    0x08001494   0x08001494   0x00000028   Code   RO         5040    i.OS_Tick_Enable    os_systick.o
    0x080014bc   0x080014bc   0x00000006   Code   RO         5043    i.OS_Tick_GetIRQn   os_systick.o
    0x080014c2   0x080014c2   0x00000002   PAD
    0x080014c4   0x080014c4   0x00000040   Code   RO         5046    i.OS_Tick_Setup     os_systick.o
    0x08001504   0x08001504   0x0000005e   Code   RO           15    i.SystemClock_Config  main.o
    0x08001562   0x08001562   0x00000002   Code   RO         2261    i.SystemInit        system_stm32f1xx.o
    0x08001564   0x08001564   0x0000000c   Code   RO          154    i.TIM8_UP_IRQHandler  stm32f1xx_it.o
    0x08001570   0x08001570   0x0000008c   Code   RO          407    i.TIM_Base_SetConfig  stm32f1xx_hal_tim.o
    0x080015fc   0x080015fc   0x0000001c   Code   RO         2322    i.Thread1           task.o
    0x08001618   0x08001618   0x0000001c   Code   RO         2323    i.Thread2           task.o
    0x08001634   0x08001634   0x0000002e   Code   RO         4533    i.ThreadFlagsCheck  rtx_thread.o
    0x08001662   0x08001662   0x00000002   PAD
    0x08001664   0x08001664   0x00000030   Code   RO         2324    i.Thread_Init       task.o
    0x08001694   0x08001694   0x00000038   Code   RO         4919    i.TimerInsert       rtx_timer.o
    0x080016cc   0x080016cc   0x00000002   Code   RO          155    i.UsageFault_Handler  stm32f1xx_it.o
    0x080016ce   0x080016ce   0x00000020   Code   RO         1773    i.__NVIC_SetPriority  stm32f1xx_hal_cortex.o
    0x080016ee   0x080016ee   0x0000000e   Code   RO         5168    i.__scatterload_copy  mc_w.l(handlers.o)
    0x080016fc   0x080016fc   0x00000002   Code   RO         5169    i.__scatterload_null  mc_w.l(handlers.o)
    0x080016fe   0x080016fe   0x0000000e   Code   RO         5170    i.__scatterload_zeroinit  mc_w.l(handlers.o)
    0x0800170c   0x0800170c   0x00000054   Code   RO           16    i.main              main.o
    0x08001760   0x08001760   0x00000030   Code   RO         2371    i.osDelay           rtx_delay.o
    0x08001790   0x08001790   0x00000030   Code   RO         3656    i.osKernelInitialize  rtx_kernel.o
    0x080017c0   0x080017c0   0x0000002c   Code   RO         3660    i.osKernelStart     rtx_kernel.o
    0x080017ec   0x080017ec   0x0000008c   Code   RO         4100    i.osMessageQueueGet  rtx_msgqueue.o
    0x08001878   0x08001878   0x00000038   Code   RO         4106    i.osMessageQueueNew  rtx_msgqueue.o
    0x080018b0   0x080018b0   0x00000098   Code   RO         4107    i.osMessageQueuePut  rtx_msgqueue.o
    0x08001948   0x08001948   0x00000002   Code   RO         5112    i.osRtxErrorNotify  rtx_config.o
    0x0800194a   0x0800194a   0x00000002   Code   RO         5113    i.osRtxIdleThread   rtx_config.o
    0x0800194c   0x0800194c   0x00000002   Code   RO         3663    i.osRtxKernelPreInit  rtx_kernel.o
    0x0800194e   0x0800194e   0x00000080   Code   RO         3891    i.osRtxMemoryAlloc  rtx_memory.o
    0x080019ce   0x080019ce   0x00000048   Code   RO         3892    i.osRtxMemoryFree   rtx_memory.o
    0x08001a16   0x08001a16   0x0000003c   Code   RO         3893    i.osRtxMemoryInit   rtx_memory.o
    0x08001a52   0x08001a52   0x00000030   Code   RO         3948    i.osRtxMemoryPoolAlloc  rtx_mempool.o
    0x08001a82   0x08001a82   0x00000040   Code   RO         3949    i.osRtxMemoryPoolFree  rtx_mempool.o
    0x08001ac2   0x08001ac2   0x00000046   Code   RO         3950    i.osRtxMemoryPoolInit  rtx_mempool.o
    0x08001b08   0x08001b08   0x000000ec   Code   RO         4109    i.osRtxMessageQueuePostProcess  rtx_msgqueue.o
    0x08001bf4   0x08001bf4   0x00000050   Code   RO         4270    i.osRtxMutexOwnerRelease  rtx_mutex.o
    0x08001c44   0x08001c44   0x00000064   Code   RO         4485    i.osRtxPendSV_Handler  rtx_system.o
    0x08001ca8   0x08001ca8   0x00000050   Code   RO         4486    i.osRtxPostProcess  rtx_system.o
    0x08001cf8   0x08001cf8   0x00000034   Code   RO         4535    i.osRtxThreadBlock  rtx_thread.o
    0x08001d2c   0x08001d2c   0x0000005c   Code   RO         4536    i.osRtxThreadDelayInsert  rtx_thread.o
    0x08001d88   0x08001d88   0x00000048   Code   RO         4537    i.osRtxThreadDelayRemove  rtx_thread.o
    0x08001dd0   0x08001dd0   0x000000c0   Code   RO         4538    i.osRtxThreadDelayTick  rtx_thread.o
    0x08001e90   0x08001e90   0x0000005c   Code   RO         4539    i.osRtxThreadDispatch  rtx_thread.o
    0x08001eec   0x08001eec   0x00000054   Code   RO         4540    i.osRtxThreadFree   rtx_thread.o
    0x08001f40   0x08001f40   0x00000014   Code   RO         4541    i.osRtxThreadListGet  rtx_thread.o
    0x08001f54   0x08001f54   0x00000024   Code   RO         4542    i.osRtxThreadListPut  rtx_thread.o
    0x08001f78   0x08001f78   0x00000018   Code   RO         4543    i.osRtxThreadListRemove  rtx_thread.o
    0x08001f90   0x08001f90   0x0000000c   Code   RO         4544    i.osRtxThreadListRoot  rtx_thread.o
    0x08001f9c   0x08001f9c   0x00000038   Code   RO         4547    i.osRtxThreadPostProcess  rtx_thread.o
    0x08001fd4   0x08001fd4   0x00000010   Code   RO         4548    i.osRtxThreadReadyPut  rtx_thread.o
    0x08001fe4   0x08001fe4   0x00000006   Code   RO         4549    i.osRtxThreadRegPtr  rtx_thread.o
    0x08001fea   0x08001fea   0x00000002   PAD
    0x08001fec   0x08001fec   0x00000028   Code   RO         4550    i.osRtxThreadStackCheck  rtx_thread.o
    0x08002014   0x08002014   0x0000003c   Code   RO         4551    i.osRtxThreadStartup  rtx_thread.o
    0x08002050   0x08002050   0x00000020   Code   RO         4552    i.osRtxThreadSwitch  rtx_thread.o
    0x08002070   0x08002070   0x00000040   Code   RO         4553    i.osRtxThreadWaitEnter  rtx_thread.o
    0x080020b0   0x080020b0   0x0000002e   Code   RO         4554    i.osRtxThreadWaitExit  rtx_thread.o
    0x080020de   0x080020de   0x00000002   PAD
    0x080020e0   0x080020e0   0x00000078   Code   RO         4487    i.osRtxTick_Handler  rtx_system.o
    0x08002158   0x08002158   0x00000048   Code   RO         4921    i.osRtxTimerThread  rtx_timer.o
    0x080021a0   0x080021a0   0x0000005c   Code   RO         4922    i.osRtxTimerTick    rtx_timer.o
    0x080021fc   0x080021fc   0x0000001c   Code   RO         4557    i.osThreadExit      rtx_thread.o
    0x08002218   0x08002218   0x00000038   Code   RO         4570    i.osThreadNew       rtx_thread.o
    0x08002250   0x08002250   0x00000028   Code   RO         2373    i.svcRtxDelay       rtx_delay.o
    0x08002278   0x08002278   0x00000138   Code   RO         3670    i.svcRtxKernelInitialize  rtx_kernel.o
    0x080023b0   0x080023b0   0x000000a0   Code   RO         3674    i.svcRtxKernelStart  rtx_kernel.o
    0x08002450   0x08002450   0x0000010c   Code   RO         4111    i.svcRtxMessageQueueGet  rtx_msgqueue.o
    0x0800255c   0x0800255c   0x00000130   Code   RO         4117    i.svcRtxMessageQueueNew  rtx_msgqueue.o
    0x0800268c   0x0800268c   0x000000f0   Code   RO         4118    i.svcRtxMessageQueuePut  rtx_msgqueue.o
    0x0800277c   0x0800277c   0x00000078   Code   RO         4578    i.svcRtxThreadExit  rtx_thread.o
    0x080027f4   0x080027f4   0x000001cc   Code   RO         4591    i.svcRtxThreadNew   rtx_thread.o
    0x080029c0   0x080029c0   0x00000010   Data   RO         2262    .constdata          system_stm32f1xx.o
    0x080029d0   0x080029d0   0x00000008   Data   RO         2263    .constdata          system_stm32f1xx.o
    0x080029d8   0x080029d8   0x00000048   Data   RO         2325    .constdata          task.o
    0x08002a20   0x08002a20   0x00000024   Data   RO         3859    .constdata          rtx_lib.o
    0x08002a44   0x08002a44   0x00000024   Data   RO         3860    .constdata          rtx_lib.o
    0x08002a68   0x08002a68   0x00000018   Data   RO         3861    .constdata          rtx_lib.o
    0x08002a80   0x08002a80   0x00000004   Data   RO         3862    .constdata          rtx_lib.o
    0x08002a84   0x08002a84   0x00000010   Data   RO         2326    .conststring        task.o
    0x08002a94   0x08002a94   0x0000000b   Data   RO         3677    .conststrlit        rtx_kernel.o
    0x08002a9f   0x08002a9f   0x00000001   PAD
    0x08002aa0   0x08002aa0   0x00000068   Data   RO         3864    .rodata             rtx_lib.o
    0x08002b08   0x08002b08   0x00000020   Data   RO         5166    Region$$Table       anon$$obj.o


    Execution Region RW_IRAM1 (Exec base: 0x20000000, Load base: 0x08002b28, Size: 0x00008858, Max: 0x00010000, ABSOLUTE, COMPRESSED[0x0000011c])

    Exec Addr    Load Addr    Size         Type   Attr      Idx    E Section Name        Object

    0x20000000   COMPRESSED   0x00008000   Data   RW         3851    .bss.os             rtx_lib.o
    0x20008000   COMPRESSED   0x00000040   Data   RW         3852    .bss.os             rtx_lib.o
    0x20008040   COMPRESSED   0x00000034   Data   RW         3853    .bss.os.msgqueue.cb  rtx_lib.o
    0x20008074   COMPRESSED   0x00000050   Data   RW         3854    .bss.os.msgqueue.mem  rtx_lib.o
    0x200080c4   COMPRESSED   0x00000044   Data   RW         3855    .bss.os.thread.cb   rtx_lib.o
    0x20008108   COMPRESSED   0x00000044   Data   RW         3856    .bss.os.thread.cb   rtx_lib.o
    0x2000814c   COMPRESSED   0x00000004   PAD
    0x20008150   COMPRESSED   0x00000100   Data   RW         3857    .bss.os.thread.stack  rtx_lib.o
    0x20008250   COMPRESSED   0x00000100   Data   RW         3858    .bss.os.thread.stack  rtx_lib.o
    0x20008350   COMPRESSED   0x0000000c   Data   RW         1310    .data               stm32f1xx_hal.o
    0x2000835c   COMPRESSED   0x00000004   Data   RW         2264    .data               system_stm32f1xx.o
    0x20008360   COMPRESSED   0x00000008   Data   RW         2327    .data               task.o
    0x20008368   COMPRESSED   0x00000001   Data   RW         5047    .data               os_systick.o
    0x20008369   COMPRESSED   0x00000003   PAD
    0x2000836c   COMPRESSED   0x000000a4   Data   RW         3678    .data.os            rtx_kernel.o
    0x20008410        -       0x00000048   Zero   RW          240    .bss                stm32f1xx_hal_timebase_tim.o
    0x20008458        -       0x00000400   Zero   RW            1    STACK               startup_stm32f103xe.o


==============================================================================

Image component sizes


      Code (inc. data)   RO Data    RW Data    ZI Data      Debug   Object Name

       148         10          0          0          0        576   irq_cm3.o
       120         12          0          0          0        883   led.o
       198         12          0          0          0     482588   main.o
       118         20          0          1          0       2216   os_systick.o
         4          0          0          0          0        913   rtx_config.o
       118          8          0          0          0      18301   rtx_delay.o
        96          0          0          0          0      24201   rtx_evr.o
       596         34         11        164          0      18951   rtx_kernel.o
         0          0        204      33612          0       8399   rtx_lib.o
       260          0          0          0          0       3443   rtx_memory.o
       510          0          0          0          0       3779   rtx_mempool.o
      1884         34          0          0          0      20196   rtx_msgqueue.o
        80          0          0          0          0       1433   rtx_mutex.o
       628         28          0          0          0       8605   rtx_system.o
      2064        106          0          0          0      25098   rtx_thread.o
       220         24          0          0          0       2647   rtx_timer.o
        36          8        304          0       1024        796   startup_stm32f103xe.o
        64         14          0         12          0       5206   stm32f1xx_hal.o
       158         14          0          0          0      28158   stm32f1xx_hal_cortex.o
       530         42          0          0          0       3489   stm32f1xx_hal_gpio.o
        60          8          0          0          0        858   stm32f1xx_hal_msp.o
      1304         98          0          0          0       5210   stm32f1xx_hal_rcc.o
       706         40          0          0          0       6972   stm32f1xx_hal_tim.o
         4          0          0          0          0       1525   stm32f1xx_hal_tim_ex.o
       116         18          0          0         72       1395   stm32f1xx_hal_timebase_tim.o
        24          6          0          0          0       2978   stm32f1xx_it.o
         2          0         24          4          0       1095   system_stm32f1xx.o
       104         28         88          8          0       1968   task.o

    ----------------------------------------------------------------------
     10168        564        664      33808       1096     681879   Object Totals
         0          0         32          0          0          0   (incl. Generated)
        16          0          1          7          0          0   (incl. Padding)

    ----------------------------------------------------------------------

      Code (inc. data)   RO Data    RW Data    ZI Data      Debug   Library Member Name

        58          0          0          0          0          0   __dczerorl.o
         0          0          0          0          0          0   entry.o
         0          0          0          0          0          0   entry10a.o
         0          0          0          0          0          0   entry11a.o
         8          4          0          0          0          0   entry2.o
         4          0          0          0          0          0   entry5.o
         0          0          0          0          0          0   entry7b.o
         0          0          0          0          0          0   entry8b.o
         8          4          0          0          0          0   entry9a.o
        30          0          0          0          0          0   handlers.o
        36          8          0          0          0         68   init.o
        36          0          0          0          0         68   memcpya.o
        36          0          0          0          0        108   memseta.o

    ----------------------------------------------------------------------
       216         16          0          0          0        244   Library Totals
         0          0          0          0          0          0   (incl. Padding)

    ----------------------------------------------------------------------

      Code (inc. data)   RO Data    RW Data    ZI Data      Debug   Library Name

       216         16          0          0          0        244   mc_w.l

    ----------------------------------------------------------------------
       216         16          0          0          0        244   Library Totals

    ----------------------------------------------------------------------

==============================================================================


      Code (inc. data)   RO Data    RW Data    ZI Data      Debug   

     10384        580        664      33808       1096     674087   Grand Totals
     10384        580        664        284       1096     674087   ELF Image Totals (compressed)
     10384        580        664        284          0          0   ROM Totals

==============================================================================

    Total RO  Size (Code + RO Data)                11048 (  10.79kB)
    Total RW  Size (RW Data + ZI Data)             34904 (  34.09kB)
    Total ROM Size (Code + RO Data + RW Data)      11332 (  11.07kB)

==============================================================================

